[
  {
    "version": "before",
    "scenario": "100ms_offset",
    "within_15ms_at_closure": 13,
    "seconds_after_first_close_target": 14.4,
    "final_advance_ms": 87.0,
    "max_applied_advance_ms": 87.0,
    "matches": 46,
    "skips": 0
  },
  {
    "version": "before",
    "scenario": "135ms_delayed",
    "within_15ms_at_closure": 18,
    "seconds_after_first_close_target": 20.4,
    "final_advance_ms": 124.437,
    "max_applied_advance_ms": 124.437,
    "matches": 45,
    "skips": 0
  },
  {
    "version": "before",
    "scenario": "negative_80ms",
    "within_15ms_at_closure": 11,
    "seconds_after_first_close_target": 12.0,
    "final_advance_ms": -67.0,
    "max_applied_advance_ms": 67.0,
    "matches": 45,
    "skips": 0
  },
  {
    "version": "before",
    "scenario": "long_delayed_batch",
    "within_15ms_at_closure": 15,
    "seconds_after_first_close_target": 16.8,
    "final_advance_ms": 87.0,
    "max_applied_advance_ms": 87.0,
    "matches": 44,
    "skips": 0
  },
  {
    "version": "after",
    "scenario": "100ms_offset",
    "within_15ms_at_closure": 4,
    "seconds_after_first_close_target": 3.6,
    "final_advance_ms": 100.0,
    "max_applied_advance_ms": 100.0,
    "matches": 46,
    "skips": 0
  },
  {
    "version": "after",
    "scenario": "135ms_delayed",
    "within_15ms_at_closure": 5,
    "seconds_after_first_close_target": 4.8,
    "final_advance_ms": 135.0,
    "max_applied_advance_ms": 135.0,
    "matches": 45,
    "skips": 0
  },
  {
    "version": "after",
    "scenario": "negative_80ms",
    "within_15ms_at_closure": 4,
    "seconds_after_first_close_target": 3.6,
    "final_advance_ms": -80.0,
    "max_applied_advance_ms": 80.0,
    "matches": 45,
    "skips": 0
  },
  {
    "version": "after",
    "scenario": "long_delayed_batch",
    "within_15ms_at_closure": 6,
    "seconds_after_first_close_target": 6.0,
    "final_advance_ms": 100.0,
    "max_applied_advance_ms": 100.0,
    "matches": 44,
    "skips": 0
  }
]
