esptool v5.3.1
Serial port /dev/serial/by-id/usb-Silicon_Labs_CP2102_USB_to_UART_Bridge_Controller_0001-if00-port0:
Connecting....
Connected to ESP32 on /dev/serial/by-id/usb-Silicon_Labs_CP2102_USB_to_UART_Bridge_Controller_0001-if00-port0:
Chip type:          ESP32-D0WD-V3 (revision v3.1)
Features:           Wi-Fi, BT, Dual Core + LP Core, 240MHz, Vref calibration in eFuse, Coding Scheme None
Crystal frequency:  40MHz
MAC:                f4:2d:c9:85:b4:00

Uploading stub flasher...
Running stub flasher...
Stub flasher running.
Changing baud rate to 921600...
Changed.

Configuring flash size...

Writing '/home/jason/Proyectos3/X5/diagnostics/hihat_100deg_20261005/firmware/motor_beat.ino.bootloader.bin' at 0x00001000...
Flash will be erased from 0x00001000 to 0x00007fff...
Compressed 24992 bytes to 16001...
Writing at 0x00001000 [                              ]   0.0% 0/16001 bytes... 
Writing at 0x000071a0 [==============================] 100.0% 16001/16001 bytes... 
Wrote 24992 bytes (16001 compressed) at 0x00001000 in 0.4 seconds (486.4 kbit/s).
Verifying written data...
Hash of data verified.

Writing '/home/jason/Proyectos3/X5/diagnostics/hihat_100deg_20261005/firmware/motor_beat.ino.partitions.bin' at 0x00008000...
Flash will be erased from 0x00008000 to 0x00008fff...
Compressed 3072 bytes to 146...
Writing at 0x00008000 [                              ]   0.0% 0/146 bytes... 
Writing at 0x00008c00 [==============================] 100.0% 146/146 bytes... 
Wrote 3072 bytes (146 compressed) at 0x00008000 in 0.0 seconds (1115.0 kbit/s).
Verifying written data...
Hash of data verified.

Writing '/home/jason/.arduino15/packages/esp32/hardware/esp32/3.3.11/tools/partitions/boot_app0.bin' at 0x0000e000...
Flash will be erased from 0x0000e000 to 0x0000ffff...
Compressed 8192 bytes to 47...
Writing at 0x0000e000 [                              ]   0.0% 0/47 bytes... 
Writing at 0x00010000 [==============================] 100.0% 47/47 bytes... 
Wrote 8192 bytes (47 compressed) at 0x0000e000 in 0.0 seconds (1317.5 kbit/s).
Verifying written data...
Hash of data verified.

Writing '/home/jason/Proyectos3/X5/diagnostics/hihat_100deg_20261005/firmware/motor_beat.ino.bin' at 0x00010000...
Flash will be erased from 0x00010000 to 0x00055fff...
Compressed 285024 bytes to 165523...
Writing at 0x00010000 [                              ]   0.0% 0/165523 bytes... 
Writing at 0x0001be1d [=>                            ]   9.9% 16384/165523 bytes... 
Writing at 0x00023d8f [====>                         ]  19.8% 32768/165523 bytes... 
Writing at 0x00029349 [=======>                      ]  29.7% 49152/165523 bytes... 
Writing at 0x0002e726 [==========>                   ]  39.6% 65536/165523 bytes... 
Writing at 0x00033d36 [=============>                ]  49.5% 81920/165523 bytes... 
Writing at 0x00039886 [================>             ]  59.4% 98304/165523 bytes... 
Writing at 0x0004212f [===================>          ]  69.3% 114688/165523 bytes... 
Writing at 0x0004982d [======================>       ]  79.2% 131072/165523 bytes... 
Writing at 0x0004efa7 [=========================>    ]  89.1% 147456/165523 bytes... 
Writing at 0x00054dd7 [============================> ]  99.0% 163840/165523 bytes... 
Writing at 0x00055960 [==============================] 100.0% 165523/165523 bytes... 
Wrote 285024 bytes (165523 compressed) at 0x00010000 in 2.7 seconds (857.3 kbit/s).
Verifying written data...
Hash of data verified.

Hard resetting via RTS pin...
New upload port: /dev/serial/by-id/usb-Silicon_Labs_CP2102_USB_to_UART_Bridge_Controller_0001-if00-port0 (serial)
