Preparing only recordings/record3.json and all bounded paths OFFLINE...
{
  "recording": "/home/jason/Proyectos3/X5/recordings/record3.json",
  "plan": [
    {
      "block": 1,
      "depth_deg": 11.5,
      "strikes": 1,
      "kind": "isolated",
      "pair_interval_s": null,
      "ringdown_s": 6.0
    },
    {
      "block": 2,
      "depth_deg": 10.5,
      "strikes": 1,
      "kind": "isolated",
      "pair_interval_s": null,
      "ringdown_s": 6.0
    },
    {
      "block": 3,
      "depth_deg": 11.0,
      "strikes": 1,
      "kind": "isolated",
      "pair_interval_s": null,
      "ringdown_s": 6.0
    },
    {
      "block": 4,
      "depth_deg": 12.0,
      "strikes": 1,
      "kind": "isolated",
      "pair_interval_s": null,
      "ringdown_s": 6.0
    },
    {
      "block": 5,
      "depth_deg": 10.0,
      "strikes": 1,
      "kind": "isolated",
      "pair_interval_s": null,
      "ringdown_s": 6.0
    },
    {
      "block": 6,
      "depth_deg": 11.5,
      "strikes": 1,
      "kind": "isolated",
      "pair_interval_s": null,
      "ringdown_s": 6.0
    },
    {
      "block": 7,
      "depth_deg": 11.0,
      "strikes": 1,
      "kind": "isolated",
      "pair_interval_s": null,
      "ringdown_s": 6.0
    },
    {
      "block": 8,
      "depth_deg": 10.0,
      "strikes": 1,
      "kind": "isolated",
      "pair_interval_s": null,
      "ringdown_s": 6.0
    },
    {
      "block": 9,
      "depth_deg": 12.0,
      "strikes": 1,
      "kind": "isolated",
      "pair_interval_s": null,
      "ringdown_s": 6.0
    },
    {
      "block": 10,
      "depth_deg": 10.5,
      "strikes": 1,
      "kind": "isolated",
      "pair_interval_s": null,
      "ringdown_s": 6.0
    },
    {
      "block": 11,
      "depth_deg": 11.5,
      "strikes": 1,
      "kind": "isolated",
      "pair_interval_s": null,
      "ringdown_s": 6.0
    },
    {
      "block": 12,
      "depth_deg": 10.5,
      "strikes": 1,
      "kind": "isolated",
      "pair_interval_s": null,
      "ringdown_s": 6.0
    },
    {
      "block": 13,
      "depth_deg": 11.0,
      "strikes": 1,
      "kind": "isolated",
      "pair_interval_s": null,
      "ringdown_s": 6.0
    },
    {
      "block": 14,
      "depth_deg": 10.0,
      "strikes": 1,
      "kind": "isolated",
      "pair_interval_s": null,
      "ringdown_s": 6.0
    },
    {
      "block": 15,
      "depth_deg": 12.0,
      "strikes": 1,
      "kind": "isolated",
      "pair_interval_s": null,
      "ringdown_s": 6.0
    },
    {
      "block": 16,
      "depth_deg": 10.5,
      "strikes": 1,
      "kind": "isolated",
      "pair_interval_s": null,
      "ringdown_s": 6.0
    },
    {
      "block": 17,
      "depth_deg": 11.0,
      "strikes": 1,
      "kind": "isolated",
      "pair_interval_s": null,
      "ringdown_s": 6.0
    },
    {
      "block": 18,
      "depth_deg": 11.5,
      "strikes": 1,
      "kind": "isolated",
      "pair_interval_s": null,
      "ringdown_s": 6.0
    },
    {
      "block": 19,
      "depth_deg": 12.0,
      "strikes": 1,
      "kind": "isolated",
      "pair_interval_s": null,
      "ringdown_s": 6.0
    },
    {
      "block": 20,
      "depth_deg": 10.0,
      "strikes": 1,
      "kind": "isolated",
      "pair_interval_s": null,
      "ringdown_s": 6.0
    },
    {
      "block": 21,
      "depth_deg": 12.0,
      "strikes": 2,
      "kind": "double",
      "pair_interval_s": 0.2,
      "ringdown_s": 6.0
    },
    {
      "block": 22,
      "depth_deg": 11.5,
      "strikes": 2,
      "kind": "double",
      "pair_interval_s": 0.2,
      "ringdown_s": 6.0
    },
    {
      "block": 23,
      "depth_deg": 11.0,
      "strikes": 2,
      "kind": "double",
      "pair_interval_s": 0.2,
      "ringdown_s": 6.0
    },
    {
      "block": 24,
      "depth_deg": 10.0,
      "strikes": 2,
      "kind": "double",
      "pair_interval_s": 0.2,
      "ringdown_s": 6.0
    },
    {
      "block": 25,
      "depth_deg": 10.5,
      "strikes": 2,
      "kind": "double",
      "pair_interval_s": 0.2,
      "ringdown_s": 6.0
    },
    {
      "block": 26,
      "depth_deg": 11.0,
      "strikes": 2,
      "kind": "double",
      "pair_interval_s": 0.2,
      "ringdown_s": 6.0
    },
    {
      "block": 27,
      "depth_deg": 10.5,
      "strikes": 2,
      "kind": "double",
      "pair_interval_s": 0.2,
      "ringdown_s": 6.0
    },
    {
      "block": 28,
      "depth_deg": 10.0,
      "strikes": 2,
      "kind": "double",
      "pair_interval_s": 0.2,
      "ringdown_s": 6.0
    },
    {
      "block": 29,
      "depth_deg": 11.5,
      "strikes": 2,
      "kind": "double",
      "pair_interval_s": 0.2,
      "ringdown_s": 6.0
    },
    {
      "block": 30,
      "depth_deg": 12.0,
      "strikes": 2,
      "kind": "double",
      "pair_interval_s": 0.2,
      "ringdown_s": 6.0
    }
  ],
  "commanded_depths": [
    10,
    10.5,
    11,
    11.5,
    12
  ],
  "measured_corridor_deg": 12,
  "hybrid_parameters": {
    "kp": 60,
    "kd": 2.4,
    "inertia": 0.012,
    "friction": 0.08,
    "bias_scale": 0.8,
    "load_torque": 0.745,
    "fall_kd": 0.08,
    "latency": 0.004,
    "brake": 60.0,
    "return_time": 0.22,
    "join_shape": 16.0,
    "kick_time": 0.04,
    "kick_torque": 0.3
  },
  "duration_s": 4.8
}
