Preparing only recordings/record3.json and all bounded paths OFFLINE...
Session: /home/jason/Proyectos3/X5/diagnostics/x5data_collection/20261005T055903-cf564d76
NTFY ACCEPTED 
Motion in 10s
Motion in 9s
Motion in 8s
Motion in 7s
Motion in 6s
Motion in 5s
Motion in 4s
Motion in 3s
Motion in 2s
Motion in 1s
INITIAL CENTER PATH VERIFIED {"outside_buffer_mm": 0.01723570067479075, "recovery_only": true}
CHECKING INITIAL CENTER AND CLOSE 
INITIAL CENTER PATH VERIFIED {"outside_buffer_mm": 0.0, "recovery_only": false}
INITIAL CENTER AND CLOSE {"duration_s": 6.0265312837197165}
INITIAL CENTER AND CLOSE SETTLED 
CHECKING RECORD3 START 
RECORD3 START {"duration_s": 1.8038252703571256}
RECORD3 START SETTLED 
START HOLD 
TEMPORARY POSITION GAINS 
PLAYBACK {"duration_s": 4.8}
ENDPOINT SOFT HOLD 
ENDPOINT GAIN RESTORATION {"ramp_s": 0.5}
ENDPOINT HOLD 
ENDPOINT VERIFIED {"t": 520119.795623243, "goal_rad": [-0.6055312428473343, 0.21194552529182964, 0.24416891737239688, 1.7329663538567175, 0.20476168513003543, -0.30516319523918334, 0.6001606775005737], "actual_rad": [-0.6051476310368518, 0.21194552529182964, 0.24416891737239688, 1.7329663538567175, 0.20476168513003543, -0.30516319523918334, 0.6005442893110562], "max_error_deg": 0.02197933771202081, "settle_range_deg": 0.02197933771202081, "settled_seconds": 0.6010503889992833, "tolerance_deg": 0.05}
RECORD3 ENDPOINT VERIFIED {"t": 520119.795623243, "goal_rad": [-0.6055312428473343, 0.21194552529182964, 0.24416891737239688, 1.7329663538567175, 0.20476168513003543, -0.30516319523918334, 0.6001606775005737], "actual_rad": [-0.6051476310368518, 0.21194552529182964, 0.24416891737239688, 1.7329663538567175, 0.20476168513003543, -0.30516319523918334, 0.6005442893110562], "max_error_deg": 0.02197933771202081, "settle_range_deg": 0.02197933771202081, "settled_seconds": 0.6010503889992833, "tolerance_deg": 0.05}
COLLECTION STOP {"error": "RuntimeError: Firmware did not confirm powered MIT transfer; no disable fallback allowed"}
CENTER BEFORE RELAX {"j7_mode": 5, "duration_s": 11.60725423437857}
CENTER SETTLED 
CENTER VERIFIED BEFORE RELAX: {"t": 520133.168611988, "goal_rad": [0.0, 0.0, 0.0, 0.0, 0.0, 0.0, 1.4], "actual_rad": [0.00019180590524214836, 0.00019180590524214836, 0.00019180590524214836, 0.00019180590524214836, 0.00029659014262470307, 0.00019180590524214836, 1.3999913023575203], "max_error_deg": 0.04346033721824847, "span_deg": 0.04395867542404162, "settled_s": 0.6474022199981846}
RELAXED VERIFIED {"center": {"t": 520133.168611988, "goal_rad": [0.0, 0.0, 0.0, 0.0, 0.0, 0.0, 1.4], "actual_rad": [0.00019180590524214836, 0.00019180590524214836, 0.00019180590524214836, 0.00019180590524214836, 0.00029659014262470307, 0.00019180590524214836, 1.3999913023575203], "max_error_deg": 0.04346033721824847, "span_deg": 0.04395867542404162, "settled_s": 0.6474022199981846}}
COLLECTION RESULT {"success": false, "error": "RuntimeError: Firmware did not confirm powered MIT transfer; no disable fallback allowed", "recovery_error": null, "center": {"t": 520133.168294697, "goal_rad": [0.0, 0.0, 0.0, 0.0, 0.0, 0.0, 1.4], "actual_rad": [0.00019180590524214836, 0.00019180590524214836, 0.00019180590524214836, 0.00019180590524214836, 0.00029659014262470307, 0.00019180590524214836, 1.3999913023575203], "max_error_deg": 0.016993363417578625, "settle_range_deg": 0.04395867542404162, "settled_seconds": 0.6013989700004458, "tolerance_deg": 0.2}, "relaxed_verified": true, "blocks": 0, "attempted_strikes": 0, "endpoint": {"t": 520119.795623243, "goal_rad": [-0.6055312428473343, 0.21194552529182964, 0.24416891737239688, 1.7329663538567175, 0.20476168513003543, -0.30516319523918334, 0.6001606775005737], "actual_rad": [-0.6051476310368518, 0.21194552529182964, 0.24416891737239688, 1.7329663538567175, 0.20476168513003543, -0.30516319523918334, 0.6005442893110562], "max_error_deg": 0.02197933771202081, "settle_range_deg": 0.02197933771202081, "settled_seconds": 0.6010503889992833, "tolerance_deg": 0.05}, "powered_at": 520102.208783528, "finished_at": 520133.433338528, "directory": "/home/jason/Proyectos3/X5/diagnostics/x5data_collection/20261005T055903-cf564d76", "labels_created": false}
