Preparing only recordings/record3.json and all bounded paths OFFLINE...
Session: /home/jason/Proyectos3/X5/diagnostics/x5data_collection/20261005T060425-bd45b3c0
NTFY ACCEPTED 
Motion in 10s
Motion in 9s
Motion in 8s
Motion in 7s
Motion in 6s
Motion in 5s
Motion in 4s
Motion in 3s
Motion in 2s
Motion in 1s
INITIAL CENTER PATH VERIFIED {"outside_buffer_mm": 0.0, "recovery_only": false}
CHECKING INITIAL CENTER AND CLOSE 
INITIAL CENTER AND CLOSE {"duration_s": 6.031668941895822}
INITIAL CENTER AND CLOSE SETTLED 
J7 MIT CONFIRMED AT CENTER 
CHECKING RECORD3 START 
COLLECTION STOP {"error": "RuntimeError: Arm moved during stationary path validation"}
CENTER BEFORE RELAX {"j7_mode": 0, "duration_s": 1.0}
CENTER SETTLED 
CENTER VERIFIED BEFORE RELAX: {"t": 520432.600890591, "goal_rad": [0.0, 0.0, 0.0, 0.0, 0.0, 0.0, 1.4], "actual_rad": [0.00019180590524214836, 0.00019180590524214836, 0.00019180590524214836, 0.00019180590524214836, 0.00029659014262470307, 0.00019180590524214836, 1.3984568551155885], "max_error_deg": 0.19831237761428575, "span_deg": 0.1098966885603076, "settled_s": 0.6494027840089984}
RELAXED VERIFIED {"center": {"t": 520432.600890591, "goal_rad": [0.0, 0.0, 0.0, 0.0, 0.0, 0.0, 1.4], "actual_rad": [0.00019180590524214836, 0.00019180590524214836, 0.00019180590524214836, 0.00019180590524214836, 0.00029659014262470307, 0.00019180590524214836, 1.3984568551155885], "max_error_deg": 0.19831237761428575, "span_deg": 0.1098966885603076, "settled_s": 0.6494027840089984}}
COLLECTION RESULT {"success": false, "error": "RuntimeError: Arm moved during stationary path validation", "recovery_error": null, "center": {"t": 520432.600431296, "goal_rad": [0.0, 0.0, 0.0, 0.0, 0.0, 0.0, 1.4], "actual_rad": [0.00019180590524214836, 0.00019180590524214836, 0.00019180590524214836, 0.00019180590524214836, 0.00029659014262470307, 0.00019180590524214836, 1.3984568551155885], "max_error_deg": 0.08841568905397816, "settle_range_deg": 0.08791735084818501, "settled_seconds": 0.6011277189827524, "tolerance_deg": 0.2}, "relaxed_verified": true, "blocks": 0, "attempted_strikes": 0, "endpoint": null, "powered_at": 520423.536473989, "finished_at": 520432.844852285, "directory": "/home/jason/Proyectos3/X5/diagnostics/x5data_collection/20261005T060425-bd45b3c0", "labels_created": false}
