Preparing only recordings/record3.json and all bounded paths OFFLINE...
Session: /home/jason/Proyectos3/X5/diagnostics/x5data_collection/20261005T060610-05cbc3d6
NTFY ACCEPTED 
Motion in 10s
Motion in 9s
Motion in 8s
Motion in 7s
Motion in 6s
Motion in 5s
Motion in 4s
Motion in 3s
Motion in 2s
Motion in 1s
INITIAL CENTER PATH VERIFIED {"outside_buffer_mm": 0.0, "recovery_only": false}
CHECKING INITIAL CENTER AND CLOSE 
INITIAL CENTER AND CLOSE {"duration_s": 6.052219574600266}
INITIAL CENTER AND CLOSE SETTLED 
J7 MIT CONFIRMED AT CENTER 
MIT CENTER SETTLED 
COLLECTION STOP {"error": "ValueError: Joint limit violation"}
NOT RELAXED - ATTENTION REQUIRED {"error": "Joint limit violation"}
COLLECTION RESULT {"success": false, "error": "ValueError: Joint limit violation", "recovery_error": "Joint limit violation", "center": null, "relaxed_verified": false, "blocks": 0, "attempted_strikes": 0, "endpoint": null, "powered_at": 520528.930341598, "finished_at": 520536.581862881, "directory": "/home/jason/Proyectos3/X5/diagnostics/x5data_collection/20261005T060610-05cbc3d6", "labels_created": false}
