LEFT: J6 maximum positive strike depth 41.927816 deg (joint upper limit 42.971835 deg)
LEFT: powered reference down 0.147 s (previous 0.160 s), return unchanged at 0.220 s; dynamic limits unchanged
LEFT: curved acceleration reaches 143.1 deg/s at 70% of downward travel; smooth braking into the existing return
SNARE: powered +11°; one random beat (1–4) in every four-beat measure; unchanged return
J7 STRIKE LOW strike 1 [pickup (extra before beat 1)]: 8.02 deg down from anchor; lowest J7 encoder: 26.37 deg; commanded: 10 deg
J7 STRIKE LOW strike 2 [beat 1]: 8.02 deg down from anchor; lowest J7 encoder: 26.37 deg; commanded: 10 deg
J7 STRIKE LOW strike 3 [beat 2]: 8.02 deg down from anchor; lowest J7 encoder: 26.37 deg; commanded: 10 deg
J7 STRIKE LOW strike 4 [extra after beat 2]: 8.02 deg down from anchor; lowest J7 encoder: 26.37 deg; commanded: 10 deg
J7 STRIKE LOW strike 5 [beat 3]: 8.02 deg down from anchor; lowest J7 encoder: 26.37 deg; commanded: 10 deg
J7 STRIKE LOW strike 6 [beat 4]: 8.02 deg down from anchor; lowest J7 encoder: 26.37 deg; commanded: 10 deg
SNARE measure 1, beat 4: +11° powered; simulated reference 11.00°; returned
J7 STRIKE LOW strike 7 [extra after beat 4]: 8.02 deg down from anchor; lowest J7 encoder: 26.37 deg; commanded: 10 deg
J7 STRIKE LOW strike 8 [beat 1]: 8.02 deg down from anchor; lowest J7 encoder: 26.37 deg; commanded: 10 deg
SNARE measure 2, beat 1: +11° powered; simulated reference 11.00°; returned
J7 STRIKE LOW strike 9 [beat 2]: 8.02 deg down from anchor; lowest J7 encoder: 26.37 deg; commanded: 10 deg
J7 STRIKE LOW strike 10 [extra after beat 2]: 8.02 deg down from anchor; lowest J7 encoder: 26.37 deg; commanded: 10 deg
J7 STRIKE LOW strike 11 [beat 3]: 8.02 deg down from anchor; lowest J7 encoder: 26.37 deg; commanded: 10 deg
J7 STRIKE LOW strike 12 [beat 4]: 8.02 deg down from anchor; lowest J7 encoder: 26.37 deg; commanded: 10 deg
J7 STRIKE LOW strike 13 [extra after beat 4]: 8.02 deg down from anchor; lowest J7 encoder: 26.37 deg; commanded: 10 deg
J7 STRIKE LOW strike 14 [beat 1]: 8.02 deg down from anchor; lowest J7 encoder: 26.37 deg; commanded: 10 deg
J7 STRIKE LOW strike 15 [beat 2]: 8.02 deg down from anchor; lowest J7 encoder: 26.37 deg; commanded: 10 deg
SNARE measure 3, beat 2: +11° powered; simulated reference 11.00°; returned
J7 STRIKE LOW strike 16 [extra after beat 2]: 8.02 deg down from anchor; lowest J7 encoder: 26.37 deg; commanded: 10 deg
J7 STRIKE LOW strike 17 [beat 3]: 8.02 deg down from anchor; lowest J7 encoder: 26.37 deg; commanded: 10 deg
J7 STRIKE LOW strike 18 [beat 4]: 8.02 deg down from anchor; lowest J7 encoder: 26.37 deg; commanded: 10 deg
J7 STRIKE LOW strike 19 [extra after beat 4]: 8.02 deg down from anchor; lowest J7 encoder: 26.37 deg; commanded: 10 deg
J7 STRIKE LOW strike 20 [beat 1]: 8.02 deg down from anchor; lowest J7 encoder: 26.37 deg; commanded: 10 deg
J7 STRIKE LOW strike 21 [beat 2]: 8.02 deg down from anchor; lowest J7 encoder: 26.37 deg; commanded: 10 deg
J7 STRIKE LOW strike 22 [extra after beat 2]: 8.02 deg down from anchor; lowest J7 encoder: 26.37 deg; commanded: 10 deg
J7 STRIKE LOW strike 23 [beat 3]: 8.02 deg down from anchor; lowest J7 encoder: 26.37 deg; commanded: 10 deg
SNARE measure 4, beat 3: +11° powered; simulated reference 11.00°; returned
J7 STRIKE LOW strike 24 [beat 4]: 8.02 deg down from anchor; lowest J7 encoder: 26.37 deg; commanded: 10 deg
J7 STRIKE LOW strike 25 [extra after beat 4]: 8.02 deg down from anchor; lowest J7 encoder: 26.37 deg; commanded: 10 deg
J7 STRIKE LOW strike 26 [beat 1]: 8.02 deg down from anchor; lowest J7 encoder: 26.37 deg; commanded: 10 deg
J7 STRIKE LOW strike 27 [beat 2]: 8.02 deg down from anchor; lowest J7 encoder: 26.37 deg; commanded: 10 deg
J7 STRIKE LOW strike 28 [extra after beat 2]: 8.02 deg down from anchor; lowest J7 encoder: 26.37 deg; commanded: 10 deg
J7 STRIKE LOW strike 29 [beat 3]: 8.02 deg down from anchor; lowest J7 encoder: 26.37 deg; commanded: 10 deg
J7 STRIKE LOW strike 30 [beat 4]: 8.02 deg down from anchor; lowest J7 encoder: 26.37 deg; commanded: 10 deg
SNARE measure 5, beat 4: +11° powered; simulated reference 11.00°; returned
J7 STRIKE LOW strike 31 [extra after beat 4]: 8.02 deg down from anchor; lowest J7 encoder: 26.37 deg; commanded: 10 deg
J7 STRIKE LOW strike 32 [beat 1]: 8.02 deg down from anchor; lowest J7 encoder: 26.37 deg; commanded: 10 deg
SNARE measure 6, beat 1: +11° powered; simulated reference 11.00°; returned
J7 STRIKE LOW strike 33 [beat 2]: 8.02 deg down from anchor; lowest J7 encoder: 26.37 deg; commanded: 10 deg
J7 STRIKE LOW strike 34 [extra after beat 2]: 8.02 deg down from anchor; lowest J7 encoder: 26.37 deg; commanded: 10 deg
J7 STRIKE LOW strike 35 [beat 3]: 8.02 deg down from anchor; lowest J7 encoder: 26.37 deg; commanded: 10 deg
J7 STRIKE LOW strike 36 [beat 4]: 8.02 deg down from anchor; lowest J7 encoder: 26.37 deg; commanded: 10 deg
J7 STRIKE LOW strike 37 [extra after beat 4]: 8.02 deg down from anchor; lowest J7 encoder: 26.37 deg; commanded: 10 deg
J7 STRIKE LOW strike 38 [beat 1]: 8.02 deg down from anchor; lowest J7 encoder: 26.37 deg; commanded: 10 deg
J7 STRIKE LOW strike 39 [beat 2]: 8.02 deg down from anchor; lowest J7 encoder: 26.37 deg; commanded: 10 deg
SNARE measure 7, beat 2: +11° powered; simulated reference 11.00°; returned
J7 STRIKE LOW strike 40 [extra after beat 2]: 8.02 deg down from anchor; lowest J7 encoder: 26.37 deg; commanded: 10 deg
J7 STRIKE LOW strike 41 [beat 3]: 8.02 deg down from anchor; lowest J7 encoder: 26.37 deg; commanded: 10 deg
J7 STRIKE LOW strike 42 [beat 4]: 8.02 deg down from anchor; lowest J7 encoder: 26.37 deg; commanded: 10 deg
J7 STRIKE LOW strike 43 [extra after beat 4]: 8.02 deg down from anchor; lowest J7 encoder: 26.37 deg; commanded: 10 deg
J7 STRIKE LOW strike 44 [beat 1]: 8.02 deg down from anchor; lowest J7 encoder: 26.37 deg; commanded: 10 deg
J7 STRIKE LOW strike 45 [beat 2]: 8.02 deg down from anchor; lowest J7 encoder: 26.37 deg; commanded: 10 deg
J7 STRIKE LOW strike 46 [extra after beat 2]: 8.02 deg down from anchor; lowest J7 encoder: 26.37 deg; commanded: 10 deg
SNARE measure 8, beat 3: +11° powered; simulated reference 11.00°; returned
LEFT RETURN: playing selected recording backward to its start
LEFT RETURN: recording start verified; centering, then relaxing
PASS: eight measures, all four choices including 4 -> 1; exact 11 degree reference; stop mid-snare completes return; both centered then relaxed; NO devices
