[INFO] [launch]: All log files can be found below /home/jason/.ros/log/2026-10-04-20-06-49-010726-jason-band37-688828
[INFO] [launch]: Default logging verbosity is set to INFO
[INFO] [robot_state_publisher-1]: process started with pid [688848]
[INFO] [rviz2-2]: process started with pid [688849]
[INFO] [python3-3]: process started with pid [688850]
[INFO] [python-4]: process started with pid [688851]
[INFO] [python3-5]: process started with pid [688852]
[robot_state_publisher-1] [INFO] [1791169609.083452576] [robot_state_publisher]: Robot initialized
[rviz2-2] [INFO] [1791169609.397909333] [rviz2]: Stereo is NOT SUPPORTED
[rviz2-2] [INFO] [1791169609.397975761] [rviz2]: OpenGl version: 4.6 (GLSL 4.6)
[rviz2-2] [INFO] [1791169609.412905024] [rviz2]: Stereo is NOT SUPPORTED
[python3-3] HARDWARE: one RUN button → center + close gripper → recording → experiment hybrid J7 search → first-hit depth → 100 BPM hybrid swing with partial returns; --test/--hardwaretest unchanged
[python-4] Preprocessing: local
[python-4] Model: /home/jason/Proyectos3/Y2/models/live_pose_best.pt; input: 640; required: drumstick + YOLO pose tip
[python-4] Camera: 0 -> /dev/video0
[python-4] Camera: requested 30 FPS; automatic low-light FPS reduction disabled.
[python-4] QFontDatabase: Cannot find font directory /home/jason/Proyectos3/Y2/.venv/lib/python3.12/site-packages/cv2/qt/fonts.
[python-4] Note that Qt no longer ships fonts. Deploy some (from https://dejavu-fonts.github.io/ for example) or switch to fontconfig.
[python-4] QFontDatabase: Cannot find font directory /home/jason/Proyectos3/Y2/.venv/lib/python3.12/site-packages/cv2/qt/fonts.
[python-4] Note that Qt no longer ships fonts. Deploy some (from https://dejavu-fonts.github.io/ for example) or switch to fontconfig.
[python-4] QFontDatabase: Cannot find font directory /home/jason/Proyectos3/Y2/.venv/lib/python3.12/site-packages/cv2/qt/fonts.
[python-4] Note that Qt no longer ships fonts. Deploy some (from https://dejavu-fonts.github.io/ for example) or switch to fontconfig.
[python-4] QFontDatabase: Cannot find font directory /home/jason/Proyectos3/Y2/.venv/lib/python3.12/site-packages/cv2/qt/fonts.
[python-4] Note that Qt no longer ships fonts. Deploy some (from https://dejavu-fonts.github.io/ for example) or switch to fontconfig.
[python-4] QFontDatabase: Cannot find font directory /home/jason/Proyectos3/Y2/.venv/lib/python3.12/site-packages/cv2/qt/fonts.
[python-4] Note that Qt no longer ships fonts. Deploy some (from https://dejavu-fonts.github.io/ for example) or switch to fontconfig.
[python3-5] {"status": "listening", "sample_rate": 16000, "device": "pipewire", "window_seconds": 6.0, "lookahead_seconds": 0.4, "timestamp_clock": "portaudio_adc_monotonic", "decoder": {"high_threshold": 0.3, "low_threshold": 0.075, "min_gap_seconds": 0.08, "smooth_frames": 1, "release_frames": 2, "max_peak_frames": 3}, "normality": {"enabled": true, "version": 1, "meaning": "0-100 similarity to reference normal hits"}}
[python3-3] PHYSICAL VERIFICATION EVIDENCE: /home/jason/Proyectos3/X5/playback_results/swing_verification/20261005T030705-13a63838
[python3-3] VERIFICATION PHASE: {"t": 509772.675896385, "phase": "READY", "status": "Recording preflight passed; waiting for camera, ST7/TONOR, ESP32 hi-hat, and fresh encoders"}
[python3-3] VERIFICATION PHASE: {"t": 509772.749646292, "phase": "SETTING UP", "status": "Recording preflight passed; centering with J7=80.2\u00b0 and closing gripper to +7\u00b0; recording follows automatically"}
[python3-3] VERIFICATION PHASE: {"t": 509774.930699374, "phase": "CENTERING", "status": "CENTERING"}
[python3-3] ONE RUN: center and gripper closure confirmed; starting recording without a loading pause
[python3-3] VERIFICATION PHASE: {"t": 509777.47476918, "phase": "MOVING TO RECORDING START", "status": "Centered with gripper closed at +7\u00b0 \u2014 moving to the recording's first pose"}
[python3-3] VERIFICATION PHASE: {"t": 509779.270120631, "phase": "RECORDING PLAYBACK", "status": "Smooth recording: 0.00/4.80 s \u2022 STARTING \u2022 camera observations 0"}
[python3-3] ERROR {"error": "Cancelled: Recording worker stopped; returning control to the existing GUI workflow"}
[python3-3] FAULT: Encoder feedback lost — returning to customized right center before relaxing
[python3-3] VERIFICATION PHASE: {"t": 509779.401914653, "phase": "FAULT RECENTERING", "status": "FAULT: Encoder feedback lost \u2014 returning to customized right center before relaxing"}
[python3-3] CENTER VERIFIED BEFORE RELAX: {"t": 509782.012313951, "goal_rad": [0.0, 0.0, 0.0, 0.0, 0.0, 0.0, 1.4], "actual_rad": [0.00019180590524214836, 0.00019180590524214836, 0.00019180590524214836, 0.00019180590524214836, -8.702166785959364e-05, 0.00019180590524214836, 1.4003749141680029], "max_error_deg": 0.07692768199212371, "span_deg": 0.10989668856020582, "settled_s": 0.6329710329882801}
[python3-3] VERIFICATION PHASE: {"t": 509782.034039461, "phase": "RELAXING", "status": "Fault recovery complete: centered; right motors disabled \u2014 confirming disabled feedback"}
[python3-3] VERIFICATION PHASE: {"t": 509782.072434769, "phase": "RELAXED", "status": "Right motors disabled"}
[python3-3] PHYSICAL SWING RESULT: {"success": false, "physical": true, "duration_s": 0.0, "encoder_strikes": 0, "audio_hits": 0, "audio_matched_strikes": 0, "audio_span_s": 0.0, "faults": [{"t": 509779.290697407, "source": "fail", "message": "Encoder feedback lost"}], "center": {"t": 509782.012313951, "goal_rad": [0.0, 0.0, 0.0, 0.0, 0.0, 0.0, 1.4], "actual_rad": [0.00019180590524214836, 0.00019180590524214836, 0.00019180590524214836, 0.00019180590524214836, -8.702166785959364e-05, 0.00019180590524214836, 1.4003749141680029], "max_error_deg": 0.07692768199212371, "span_deg": 0.10989668856020582, "settled_s": 0.6329710329882801}, "relaxed_verified": true, "bottoms": [], "audio": []}
[python3-3] CLOSE REQUEST: center and verify before disabling or exiting
[INFO] [python3-3]: process has finished cleanly [pid 688850]
[INFO] [python3-5]: sending signal 'SIGINT' to process[python3-5]
[INFO] [python-4]: sending signal 'SIGINT' to process[python-4]
[INFO] [rviz2-2]: sending signal 'SIGINT' to process[rviz2-2]
[INFO] [robot_state_publisher-1]: sending signal 'SIGINT' to process[robot_state_publisher-1]
[rviz2-2] [INFO] [1791169635.034087151] [rclcpp]: signal_handler(SIGINT/SIGTERM)
[robot_state_publisher-1] [INFO] [1791169635.036060564] [rclcpp]: signal_handler(SIGINT/SIGTERM)
[python-4] Saved recording to /home/jason/Proyectos3/Y2/recordings/20261004_200650_167022.mp4
[python3-5] {"status": "stopped", "captured_seconds": 23.9}
[INFO] [robot_state_publisher-1]: process has finished cleanly [pid 688848]
[INFO] [rviz2-2]: process has finished cleanly [pid 688849]
[INFO] [python-4]: process has finished cleanly [pid 688851]
[INFO] [python3-5]: process has finished cleanly [pid 688852]
