{
  "source_result": "playback_results/swing_verification/20261005T031425-a625f9f5/result.json",
  "raw_audio": "diagnostics/hybrid_live_fix_20261004/physical_run_6.wav",
  "method": "TONOR 16 kHz PCM; high-pass 1200 Hz; positive 15 ms energy change within -130/+25 ms of each encoder bottom. No detector threshold or motor limit changes.",
  "note": "Recorder startup time is approximate; repeated per-stroke offsets are reported, not claimed as ADC calibration.",
  "fault_free_duration_s": 5.021710573986638,
  "encoder_strokes": 14,
  "faults": [],
  "attacks": [
    {
      "strike": 1,
      "encoder_bottom_s": 40.72184993303381,
      "audio_attack_s": 40.690000000000005,
      "offset_ms": -31.849933033804234,
      "high_frequency_power_rise_db": 24.417139398204874,
      "high_frequency_rms": 0.03547179433060337,
      "spectral_cosine_to_first_confirmed_hit": 0.9999999999999999
    },
    {
      "strike": 2,
      "encoder_bottom_s": 40.935805646004155,
      "audio_attack_s": 40.905,
      "offset_ms": -30.80564600415414,
      "high_frequency_power_rise_db": 11.808320391473599,
      "high_frequency_rms": 0.03647700400697699,
      "spectral_cosine_to_first_confirmed_hit": 0.9912922499258197
    },
    {
      "strike": 3,
      "encoder_bottom_s": 41.528575740987435,
      "audio_attack_s": 41.5,
      "offset_ms": -28.575740987434983,
      "high_frequency_power_rise_db": 16.76966295266612,
      "high_frequency_rms": 0.03244447397598716,
      "spectral_cosine_to_first_confirmed_hit": 0.9715426624410908
    },
    {
      "strike": 4,
      "encoder_bottom_s": 41.928551404038444,
      "audio_attack_s": 41.89,
      "offset_ms": -38.55140403844359,
      "high_frequency_power_rise_db": 16.83559304392377,
      "high_frequency_rms": 0.037702876816490156,
      "spectral_cosine_to_first_confirmed_hit": 0.9654161241133484
    },
    {
      "strike": 5,
      "encoder_bottom_s": 42.15079380304087,
      "audio_attack_s": 42.115,
      "offset_ms": -35.793803040867544,
      "high_frequency_power_rise_db": 10.929087332526885,
      "high_frequency_rms": 0.036733871017289,
      "spectral_cosine_to_first_confirmed_hit": 0.9850185130786289
    },
    {
      "strike": 6,
      "encoder_bottom_s": 42.715674163016956,
      "audio_attack_s": 42.685,
      "offset_ms": -30.674163016954026,
      "high_frequency_power_rise_db": 19.227671811873506,
      "high_frequency_rms": 0.03429061952822312,
      "spectral_cosine_to_first_confirmed_hit": 0.9880049809285731
    },
    {
      "strike": 7,
      "encoder_bottom_s": 43.12203214201145,
      "audio_attack_s": 43.085,
      "offset_ms": -37.03214201144789,
      "high_frequency_power_rise_db": 17.04303473295225,
      "high_frequency_rms": 0.04021184287293414,
      "spectral_cosine_to_first_confirmed_hit": 0.9795808694980707
    },
    {
      "strike": 8,
      "encoder_bottom_s": 43.333555939025246,
      "audio_attack_s": 43.305,
      "offset_ms": -28.55593902524589,
      "high_frequency_power_rise_db": 10.547691427208967,
      "high_frequency_rms": 0.039462490232971756,
      "spectral_cosine_to_first_confirmed_hit": 0.9794175556298313
    },
    {
      "strike": 9,
      "encoder_bottom_s": 43.91374587500468,
      "audio_attack_s": 43.88,
      "offset_ms": -33.74587500467641,
      "high_frequency_power_rise_db": 16.364427222933035,
      "high_frequency_rms": 0.03099033930096487,
      "spectral_cosine_to_first_confirmed_hit": 0.9674419736398874
    },
    {
      "strike": 10,
      "encoder_bottom_s": 44.32313581503695,
      "audio_attack_s": 44.29,
      "offset_ms": -33.13581503694962,
      "high_frequency_power_rise_db": 16.771362243642884,
      "high_frequency_rms": 0.03971289592481945,
      "spectral_cosine_to_first_confirmed_hit": 0.981567070609708
    },
    {
      "strike": 11,
      "encoder_bottom_s": 44.541649339022115,
      "audio_attack_s": 44.510000000000005,
      "offset_ms": -31.649339022109757,
      "high_frequency_power_rise_db": 10.510681023204935,
      "high_frequency_rms": 0.03849739056037007,
      "spectral_cosine_to_first_confirmed_hit": 0.9784903843238707
    },
    {
      "strike": 12,
      "encoder_bottom_s": 45.11572460399475,
      "audio_attack_s": 45.085,
      "offset_ms": -30.724603994748634,
      "high_frequency_power_rise_db": 14.930964081489233,
      "high_frequency_rms": 0.03440134793804868,
      "spectral_cosine_to_first_confirmed_hit": 0.9930907127884818
    },
    {
      "strike": 13,
      "encoder_bottom_s": 45.52455148904119,
      "audio_attack_s": 45.49,
      "offset_ms": -34.55148904118488,
      "high_frequency_power_rise_db": 17.99938559355501,
      "high_frequency_rms": 0.03684473769331555,
      "spectral_cosine_to_first_confirmed_hit": 0.9887104373374218
    },
    {
      "strike": 14,
      "encoder_bottom_s": 45.74356050702045,
      "audio_attack_s": 45.715,
      "offset_ms": -28.560507020443993,
      "high_frequency_power_rise_db": 11.188832662265312,
      "high_frequency_rms": 0.03457204222441405,
      "spectral_cosine_to_first_confirmed_hit": 0.9876563367789165
    }
  ],
  "minimum_rise_db": 10.510681023204935,
  "spectral_method": "Cosine similarity of 500 Hz spectral amplitude bands from 1500 to 7500 Hz, Hann-windowed 15-65 ms after each attack; reference is first ST7-confirmed swing hit.",
  "minimum_spectral_cosine": 0.9654161241133484,
  "mean_offset_ms": -32.44331430560469,
  "center": {
    "t": 510248.376100089,
    "goal_rad": [
      0.0,
      0.0,
      0.0,
      0.0,
      0.0,
      0.0,
      1.4
    ],
    "actual_rad": [
      0.0005754177157246687,
      0.00019180590524214836,
      0.00019180590524214836,
      0.0005754177157246687,
      -8.702166785959364e-05,
      0.00019180590524214836,
      1.4007585259784854
    ],
    "max_error_deg": 0.12088635741626712,
    "span_deg": 0.10989668856020582,
    "settled_s": 0.6283146130153909
  },
  "relaxed_verified": true,
  "acoustic_attacks_confirmed": 14,
  "success": true
}
