[INFO] [launch]: All log files can be found below /home/jason/.ros/log/2026-10-04-20-02-28-608819-jason-band37-687413
[INFO] [launch]: Default logging verbosity is set to INFO
[INFO] [robot_state_publisher-1]: process started with pid [687433]
[INFO] [rviz2-2]: process started with pid [687434]
[INFO] [python3-3]: process started with pid [687435]
[INFO] [python-4]: process started with pid [687436]
[INFO] [python3-5]: process started with pid [687437]
[robot_state_publisher-1] [INFO] [1791169348.683181940] [robot_state_publisher]: Robot initialized
[rviz2-2] [INFO] [1791169349.006465616] [rviz2]: Stereo is NOT SUPPORTED
[rviz2-2] [INFO] [1791169349.006530621] [rviz2]: OpenGl version: 4.6 (GLSL 4.6)
[rviz2-2] [INFO] [1791169349.019235286] [rviz2]: Stereo is NOT SUPPORTED
[python3-3] HARDWARE: one RUN button → center + close gripper → recording → experiment hybrid J7 search → first-hit depth → 100 BPM hybrid swing with partial returns; --test/--hardwaretest unchanged
[python-4] Preprocessing: local
[python-4] Model: /home/jason/Proyectos3/Y2/models/live_pose_best.pt; input: 640; required: drumstick + YOLO pose tip
[python-4] Camera: 0 -> /dev/video0
[python-4] Camera: requested 30 FPS; automatic low-light FPS reduction disabled.
[python-4] QFontDatabase: Cannot find font directory /home/jason/Proyectos3/Y2/.venv/lib/python3.12/site-packages/cv2/qt/fonts.
[python-4] Note that Qt no longer ships fonts. Deploy some (from https://dejavu-fonts.github.io/ for example) or switch to fontconfig.
[python-4] QFontDatabase: Cannot find font directory /home/jason/Proyectos3/Y2/.venv/lib/python3.12/site-packages/cv2/qt/fonts.
[python-4] Note that Qt no longer ships fonts. Deploy some (from https://dejavu-fonts.github.io/ for example) or switch to fontconfig.
[python-4] QFontDatabase: Cannot find font directory /home/jason/Proyectos3/Y2/.venv/lib/python3.12/site-packages/cv2/qt/fonts.
[python-4] Note that Qt no longer ships fonts. Deploy some (from https://dejavu-fonts.github.io/ for example) or switch to fontconfig.
[python-4] QFontDatabase: Cannot find font directory /home/jason/Proyectos3/Y2/.venv/lib/python3.12/site-packages/cv2/qt/fonts.
[python-4] Note that Qt no longer ships fonts. Deploy some (from https://dejavu-fonts.github.io/ for example) or switch to fontconfig.
[python-4] QFontDatabase: Cannot find font directory /home/jason/Proyectos3/Y2/.venv/lib/python3.12/site-packages/cv2/qt/fonts.
[python-4] Note that Qt no longer ships fonts. Deploy some (from https://dejavu-fonts.github.io/ for example) or switch to fontconfig.
[python3-5] {"status": "listening", "sample_rate": 16000, "device": "pipewire", "window_seconds": 6.0, "lookahead_seconds": 0.4, "timestamp_clock": "portaudio_adc_monotonic", "decoder": {"high_threshold": 0.3, "low_threshold": 0.075, "min_gap_seconds": 0.08, "smooth_frames": 1, "release_frames": 2, "max_peak_frames": 3}, "normality": {"enabled": true, "version": 1, "meaning": "0-100 similarity to reference normal hits"}}
[python3-3] PHYSICAL VERIFICATION EVIDENCE: /home/jason/Proyectos3/X5/playback_results/swing_verification/20261005T030243-40a87bcc
[python3-3] VERIFICATION PHASE: {"t": 509511.194751613, "phase": "READY", "status": "Recording preflight passed; waiting for camera, ST7/TONOR, ESP32 hi-hat, and fresh encoders"}
[python3-3] VERIFICATION PHASE: {"t": 509511.239784024, "phase": "SETTING UP", "status": "Recording preflight passed; centering with J7=80.2\u00b0 and closing gripper to +7\u00b0; recording follows automatically"}
[python3-3] VERIFICATION PHASE: {"t": 509513.468505298, "phase": "CENTERING", "status": "CENTERING"}
[python3-3] ONE RUN: center and gripper closure confirmed; starting recording without a loading pause
[python3-3] VERIFICATION PHASE: {"t": 509516.00194173, "phase": "MOVING TO RECORDING START", "status": "Centered with gripper closed at +7\u00b0 \u2014 moving to the recording's first pose"}
[python3-3] VERIFICATION PHASE: {"t": 509517.796328889, "phase": "RECORDING PLAYBACK", "status": "Smooth recording: 0.00/4.80 s \u2022 STARTING \u2022 camera observations 0"}
[python3-3] START HOLD 
[python3-3] TEMPORARY POSITION GAINS 
[python3-3] PLAYBACK {"duration_s": 4.8}
[python3-3] ENDPOINT SOFT HOLD 
[python3-3] ENDPOINT GAIN RESTORATION {"ramp_s": 0.5}
[python3-3] ENDPOINT HOLD 
[python3-3] ENDPOINT VERIFIED {"t": 509525.992435112, "goal_rad": [-0.6055312428473343, 0.21194552529182964, 0.24416891737239688, 1.7329663538567175, 0.20476168513003543, -0.30516319523918334, 0.6001606775005737], "actual_rad": [-0.6055312428473343, 0.21194552529182964, 0.24416891737239688, 1.7333499656672, 0.20476168513003543, -0.3047795834287008, 0.6001606775005737], "max_error_deg": 0.02197933771202081, "settle_range_deg": 0.02197933771202081, "settled_seconds": 0.6013419959926978, "tolerance_deg": 0.05}
[python3-3] VERIFICATION PHASE: {"t": 509526.145404945, "phase": "SETTLING RECORDING END", "status": "Recorded path complete \u2014 original gains restored; settling at its final pose"}
[python3-3] PINK ZONE CONFIRMED ONCE (camera frame 879); starting the J7 hit search at 5°, then increasing by 1°
[python3-3] HYBRID J7: experiment hardware tuning; kick 0.3 Nm / 40 ms; 500 Hz; search 5° through 11°; fixed camera anchor; 100 BPM swing permits partial returns after 4° rebound
[python3-3] VERIFICATION PHASE: {"t": 509527.091659682, "phase": "STRIKE MOVING OUT", "status": "Hybrid hit search: J7 \u22125\u00b0 \u2014 waiting for fresh settled hold, then impulse/coast/catch/return"}
[python3-3] VERIFICATION PHASE: {"t": 509528.137942481, "phase": "STRIKE RETURNING TO CYMBAL POSE", "status": "Hybrid hit search: J7 \u22125\u00b0 \u2014 waiting for fresh settled hold, then impulse/coast/catch/return"}
[python3-3] HYBRID search −5°: measured peak 5.121°; returned and settled
[python3-3] VERIFICATION PHASE: {"t": 509528.445916065, "phase": "STRIKE WAITING FOR SOUND", "status": "J7 \u22125\u00b0 attempt returned to the pink-zone pose \u2014 waiting for ST7's finalized audio interval before declaring a miss"}
[python3-3] VERIFICATION PHASE: {"t": 509529.221840014, "phase": "STRIKE MOVING OUT", "status": "Hybrid hit search: J7 \u22126\u00b0 \u2014 waiting for fresh settled hold, then impulse/coast/catch/return"}
[python3-3] VERIFICATION PHASE: {"t": 509529.296064401, "phase": "STRIKE RETURNING TO CYMBAL POSE", "status": "Hybrid hit search: J7 \u22126\u00b0 \u2014 waiting for fresh settled hold, then impulse/coast/catch/return"}
[python3-3] HYBRID search −6°: measured peak 6.132°; returned and settled
[python3-3] VERIFICATION PHASE: {"t": 509529.615995387, "phase": "STRIKE WAITING FOR SOUND", "status": "J7 \u22126\u00b0 attempt returned to the pink-zone pose \u2014 waiting for ST7's finalized audio interval before declaring a miss"}
[python3-3] VERIFICATION PHASE: {"t": 509530.45467539, "phase": "STRIKE MOVING OUT", "status": "Hybrid hit search: J7 \u22127\u00b0 \u2014 waiting for fresh settled hold, then impulse/coast/catch/return"}
[python3-3] VERIFICATION PHASE: {"t": 509530.548171511, "phase": "STRIKE RETURNING TO CYMBAL POSE", "status": "Hybrid hit search: J7 \u22127\u00b0 \u2014 waiting for fresh settled hold, then impulse/coast/catch/return"}
[python3-3] HYBRID search −7°: measured peak 7.165°; returned and settled
[python3-3] VERIFICATION PHASE: {"t": 509530.851544193, "phase": "STRIKE WAITING FOR SOUND", "status": "J7 \u22127\u00b0 attempt returned to the pink-zone pose \u2014 waiting for ST7's finalized audio interval before declaring a miss"}
[python3-3] VERIFICATION PHASE: {"t": 509531.663180204, "phase": "STRIKE MOVING OUT", "status": "Hybrid hit search: J7 \u22128\u00b0 \u2014 waiting for fresh settled hold, then impulse/coast/catch/return"}
[python3-3] VERIFICATION PHASE: {"t": 509531.771735858, "phase": "STRIKE RETURNING TO CYMBAL POSE", "status": "Hybrid hit search: J7 \u22128\u00b0 \u2014 waiting for fresh settled hold, then impulse/coast/catch/return"}
[python3-3] HYBRID search −8°: measured peak 8.264°; returned and settled
[python3-3] VERIFICATION PHASE: {"t": 509532.086528145, "phase": "STRIKE WAITING FOR SOUND", "status": "J7 \u22128\u00b0 attempt returned to the pink-zone pose \u2014 waiting for ST7's finalized audio interval before declaring a miss"}
[python3-3] VERIFICATION PHASE: {"t": 509532.911303535, "phase": "STRIKE MOVING OUT", "status": "Hybrid hit search: J7 \u22129\u00b0 \u2014 waiting for fresh settled hold, then impulse/coast/catch/return"}
[python3-3] VERIFICATION PHASE: {"t": 509533.011327861, "phase": "STRIKE RETURNING TO CYMBAL POSE", "status": "Hybrid hit search: J7 \u22129\u00b0 \u2014 waiting for fresh settled hold, then impulse/coast/catch/return"}
[python3-3] HYBRID search −9°: measured peak 9.209°; returned and settled
[python3-3] VERIFICATION PHASE: {"t": 509533.32471126, "phase": "STRIKE WAITING FOR SOUND", "status": "J7 \u22129\u00b0 attempt returned to the pink-zone pose \u2014 waiting for ST7's finalized audio interval before declaring a miss"}
[python3-3] VERIFICATION PHASE: {"t": 509534.148654151, "phase": "STRIKE MOVING OUT", "status": "Hybrid hit search: J7 \u221210\u00b0 \u2014 waiting for fresh settled hold, then impulse/coast/catch/return"}
[python3-3] VERIFICATION PHASE: {"t": 509534.243536013, "phase": "STRIKE RETURNING TO CYMBAL POSE", "status": "Hybrid hit search: J7 \u221210\u00b0 \u2014 waiting for fresh settled hold, then impulse/coast/catch/return"}
[python3-3] HYBRID search −10°: measured peak 10.132°; returned and settled
[python3-3] VERIFICATION PHASE: {"t": 509534.577793063, "phase": "STRIKE WAITING FOR SOUND", "status": "J7 \u221210\u00b0 attempt returned to the pink-zone pose \u2014 waiting for ST7's finalized audio interval before declaring a miss"}
[python3-5] {"event": "HIT", "time_since_start": 36.27, "event_monotonic": 509534.23847567994, "score": 0.675515, "normality_score": 52.4, "notification_monotonic": 509534.935640803}
[python3-3] ST7 CYMBAL HIT DETECTED on J7 −10° attempt — selecting this first detected depth
[python3-3] HYBRID first detected depth 10°: 100 BPM swing + hi-hat; 4° minimum rebound before partial-return releases
[python3-3] VERIFICATION PHASE: {"t": 509534.962155089, "phase": "100 BPM STRIKE WAITING", "status": "HYBRID first detected depth 10\u00b0: 100 BPM swing + hi-hat; 4\u00b0 minimum rebound before partial-return releases"}
[python3-3] VERIFICATION PHASE: {"t": 509534.994399493, "phase": "100 BPM STRIKE MOVING OUT", "status": "HYBRID first detected depth 10\u00b0: 100 BPM swing + hi-hat; 4\u00b0 minimum rebound before partial-return releases"}
[python3-3] VERIFICATION PHASE: {"t": 509535.063760804, "phase": "100 BPM STRIKE RETURNING", "status": "HYBRID first detected depth 10\u00b0: 100 BPM swing + hi-hat; 4\u00b0 minimum rebound before partial-return releases"}
[python3-3] HYBRID swing 1 (pickup (extra before beat 1)): target 10°; arrival error +0.0 ms; partial returns 0
[python3-3] J7 STRIKE LOW strike 1 [pickup (extra before beat 1), hybrid]: 10.09 deg down from anchor; lowest J7 encoder: 24.30 deg; commanded: 10 deg
[python3-3] VERIFICATION PHASE: {"t": 509535.246705571, "phase": "100 BPM STRIKE MOVING OUT", "status": "HYBRID first detected depth 10\u00b0: 100 BPM swing + hi-hat; 4\u00b0 minimum rebound before partial-return releases"}
[python3-3] VERIFICATION PHASE: {"t": 509535.346591459, "phase": "100 BPM STRIKE RETURNING", "status": "100 BPM swing beat 1: hi-hat motor 2 CLOSE 110\u00b0 on the main-beat deadline"}
[python3-3] HYBRID swing 2 (beat 1): target 10°; arrival error +70.0 ms; partial returns 1
[python3-3] J7 STRIKE LOW strike 2 [beat 1, hybrid]: 10.00 deg down from anchor; lowest J7 encoder: 24.39 deg; commanded: 10 deg
[python3-3] VERIFICATION PHASE: {"t": 509535.643535903, "phase": "100 BPM STRIKE WAITING", "status": "100 BPM swing beat 1: hi-hat motor 2 CLOSE 110\u00b0 on the main-beat deadline"}
[python3-3] VERIFICATION PHASE: {"t": 509535.828851881, "phase": "100 BPM STRIKE MOVING OUT", "status": "100 BPM swing beat 1: hi-hat motor 2 CLOSE 110\u00b0 on the main-beat deadline"}
[python3-3] VERIFICATION PHASE: {"t": 509535.903419339, "phase": "100 BPM STRIKE RETURNING", "status": "100 BPM swing beat 1: hi-hat motor 2 CLOSE 110\u00b0 on the main-beat deadline"}
[python3-3] HYBRID swing 3 (beat 2): target 10°; arrival error +8.1 ms; partial returns 1
[python3-3] J7 STRIKE LOW strike 3 [beat 2, hybrid]: 10.15 deg down from anchor; lowest J7 encoder: 24.23 deg; commanded: 10 deg
[python3-3] VERIFICATION PHASE: {"t": 509536.219834881, "phase": "100 BPM STRIKE MOVING OUT", "status": "100 BPM swing beat 2: hi-hat motor 2 OPEN 0\u00b0 on the main-beat deadline"}
[python3-3] VERIFICATION PHASE: {"t": 509536.282073349, "phase": "100 BPM STRIKE RETURNING", "status": "100 BPM swing beat 2: hi-hat motor 2 OPEN 0\u00b0 on the main-beat deadline"}
[python3-3] HYBRID swing 4 (extra after beat 2): target 10°; arrival error +12.8 ms; partial returns 1
[python3-3] J7 STRIKE LOW strike 4 [extra after beat 2, hybrid]: 10.09 deg down from anchor; lowest J7 encoder: 24.30 deg; commanded: 10 deg
[python3-3] VERIFICATION PHASE: {"t": 509536.411979072, "phase": "100 BPM STRIKE MOVING OUT", "status": "100 BPM swing beat 2: hi-hat motor 2 OPEN 0\u00b0 on the main-beat deadline"}
[python3-3] VERIFICATION PHASE: {"t": 509536.577203255, "phase": "100 BPM STRIKE RETURNING", "status": "100 BPM swing beat 3: hi-hat motor 2 CLOSE 110\u00b0 on the main-beat deadline"}
[python3-3] HYBRID FAULT: Hybrid target arrival missed swing grid — stopping strikes; holding while recovering position control for Center + Relax
[python3-3] VERIFICATION PHASE: {"t": 509536.710972165, "phase": "HYBRID HOLD FAULT", "status": "HYBRID FAULT: Hybrid target arrival missed swing grid \u2014 stopping strikes; holding while recovering position control for Center + Relax"}
[python3-3] HYBRID RECOVERY: confirming CSP at measured pose, then centering; not relaxed
[python3-3] VERIFICATION PHASE: {"t": 509536.762810894, "phase": "HYBRID LEAVING MIT SESSION", "status": "HYBRID FAULT: Hybrid target arrival missed swing grid \u2014 stopping strikes; holding while recovering position control for Center + Relax"}
[python3-3] VERIFICATION PHASE: {"t": 509536.908551284, "phase": "CENTER RELAX RECENTERING", "status": "Hybrid stopped; position mode confirmed \u2014 centering, then relaxing"}
[python3-3] CENTER VERIFIED BEFORE RELAX: {"t": 509542.360763969, "goal_rad": [0.0, 0.0, 0.0, 0.0, 0.0, 0.0, 1.4], "actual_rad": [0.0005754177157246687, 0.00019180590524214836, 0.00019180590524214836, 0.00019180590524214836, 0.00029659014262470307, 0.00019180590524214836, 1.4003749141680029], "max_error_deg": 0.0989070197042463, "span_deg": 0.1098966885603076, "settled_s": 0.6160643979674205}
[python3-3] VERIFICATION PHASE: {"t": 509542.376326822, "phase": "RELAXING", "status": "Center + Relax complete; centered; right motors disabled \u2014 confirming disabled feedback"}
[python3-3] VERIFICATION PHASE: {"t": 509542.414303305, "phase": "RELAXED", "status": "Right motors disabled"}
[python3-3] PHYSICAL SWING RESULT: {"success": false, "physical": true, "duration_s": 1.2128228620276786, "encoder_strikes": 4, "audio_hits": 0, "audio_matched_strikes": 0, "audio_span_s": 0.0, "faults": [{"t": 509536.598300177, "source": "hybrid", "message": "Hybrid target arrival missed swing grid"}], "center": {"t": 509542.360763969, "goal_rad": [0.0, 0.0, 0.0, 0.0, 0.0, 0.0, 1.4], "actual_rad": [0.0005754177157246687, 0.00019180590524214836, 0.00019180590524214836, 0.00019180590524214836, 0.00029659014262470307, 0.00019180590524214836, 1.4003749141680029], "max_error_deg": 0.0989070197042463, "span_deg": 0.1098966885603076, "settled_s": 0.6160643979674205}, "relaxed_verified": true, "bottoms": [{"at": 509535.098582536, "count": 1, "lateness": 0.0, "peak": 0.17607782101167402, "partial_returns": 0, "q": 0.42446646829938217, "target_degrees": 10}, {"at": 509535.368595751, "count": 2, "lateness": 0.07001321500865743, "peak": 0.17454337376974216, "partial_returns": 1, "q": 0.4275353627832459, "target_degrees": 10}, {"at": 509535.906690224, "count": 3, "lateness": 0.00810768804512918, "peak": 0.17722865644312336, "partial_returns": 1, "q": 0.43405676356145584, "target_degrees": 10}, {"at": 509536.311405398, "count": 4, "lateness": 0.012822862016037107, "peak": 0.17607782101167402, "partial_returns": 1, "q": 0.4355912108033877, "target_degrees": 10}], "audio": []}
[python3-3] CLOSE REQUEST: center and verify before disabling or exiting
[INFO] [python3-3]: process has finished cleanly [pid 687435]
[INFO] [python3-5]: sending signal 'SIGINT' to process[python3-5]
[INFO] [python-4]: sending signal 'SIGINT' to process[python-4]
[INFO] [rviz2-2]: sending signal 'SIGINT' to process[rviz2-2]
[INFO] [robot_state_publisher-1]: sending signal 'SIGINT' to process[robot_state_publisher-1]
[rviz2-2] [INFO] [1791169395.432829432] [rclcpp]: signal_handler(SIGINT/SIGTERM)
[robot_state_publisher-1] [INFO] [1791169395.433266815] [rclcpp]: signal_handler(SIGINT/SIGTERM)
[python-4] Saved recording to /home/jason/Proyectos3/Y2/recordings/20261004_200229_712906.mp4
[INFO] [robot_state_publisher-1]: process has finished cleanly [pid 687433]
[python3-5] {"status": "stopped", "captured_seconds": 44.7}
[INFO] [rviz2-2]: process has finished cleanly [pid 687434]
[INFO] [python-4]: process has finished cleanly [pid 687436]
[INFO] [python3-5]: process has finished cleanly [pid 687437]
