[INFO] [launch]: All log files can be found below /home/jason/.ros/log/2026-10-04-20-14-09-771824-jason-band37-691204
[INFO] [launch]: Default logging verbosity is set to INFO
[INFO] [robot_state_publisher-1]: process started with pid [691234]
[INFO] [rviz2-2]: process started with pid [691235]
[INFO] [python3-3]: process started with pid [691236]
[INFO] [python-4]: process started with pid [691237]
[INFO] [python3-5]: process started with pid [691238]
[robot_state_publisher-1] [INFO] [1791170049.846372402] [robot_state_publisher]: Robot initialized
[rviz2-2] [INFO] [1791170050.174030224] [rviz2]: Stereo is NOT SUPPORTED
[rviz2-2] [INFO] [1791170050.174129505] [rviz2]: OpenGl version: 4.6 (GLSL 4.6)
[rviz2-2] [INFO] [1791170050.187220517] [rviz2]: Stereo is NOT SUPPORTED
[python3-3] HARDWARE: one RUN button → center + close gripper → recording → experiment hybrid J7 search → first-hit depth → 100 BPM hybrid swing with partial returns; --test/--hardwaretest unchanged
[python-4] Preprocessing: local
[python-4] Model: /home/jason/Proyectos3/Y2/models/live_pose_best.pt; input: 640; required: drumstick + YOLO pose tip
[python-4] Camera: 0 -> /dev/video0
[python-4] Camera: requested 30 FPS; automatic low-light FPS reduction disabled.
[python-4] QFontDatabase: Cannot find font directory /home/jason/Proyectos3/Y2/.venv/lib/python3.12/site-packages/cv2/qt/fonts.
[python-4] Note that Qt no longer ships fonts. Deploy some (from https://dejavu-fonts.github.io/ for example) or switch to fontconfig.
[python-4] QFontDatabase: Cannot find font directory /home/jason/Proyectos3/Y2/.venv/lib/python3.12/site-packages/cv2/qt/fonts.
[python-4] Note that Qt no longer ships fonts. Deploy some (from https://dejavu-fonts.github.io/ for example) or switch to fontconfig.
[python-4] QFontDatabase: Cannot find font directory /home/jason/Proyectos3/Y2/.venv/lib/python3.12/site-packages/cv2/qt/fonts.
[python-4] Note that Qt no longer ships fonts. Deploy some (from https://dejavu-fonts.github.io/ for example) or switch to fontconfig.
[python-4] QFontDatabase: Cannot find font directory /home/jason/Proyectos3/Y2/.venv/lib/python3.12/site-packages/cv2/qt/fonts.
[python-4] Note that Qt no longer ships fonts. Deploy some (from https://dejavu-fonts.github.io/ for example) or switch to fontconfig.
[python-4] QFontDatabase: Cannot find font directory /home/jason/Proyectos3/Y2/.venv/lib/python3.12/site-packages/cv2/qt/fonts.
[python-4] Note that Qt no longer ships fonts. Deploy some (from https://dejavu-fonts.github.io/ for example) or switch to fontconfig.
[python3-5] {"status": "listening", "sample_rate": 16000, "device": "pipewire", "window_seconds": 6.0, "lookahead_seconds": 0.4, "timestamp_clock": "portaudio_adc_monotonic", "decoder": {"high_threshold": 0.3, "low_threshold": 0.075, "min_gap_seconds": 0.08, "smooth_frames": 1, "release_frames": 2, "max_peak_frames": 3}, "normality": {"enabled": true, "version": 1, "meaning": "0-100 similarity to reference normal hits"}}
[python3-3] PHYSICAL VERIFICATION EVIDENCE: /home/jason/Proyectos3/X5/playback_results/swing_verification/20261005T031425-a625f9f5
[python3-3] VERIFICATION PHASE: {"t": 510212.629812782, "phase": "READY", "status": "Recording preflight passed; waiting for camera, ST7/TONOR, ESP32 hi-hat, and fresh encoders"}
[python3-3] VERIFICATION PHASE: {"t": 510212.666103874, "phase": "SETTING UP", "status": "Recording preflight passed; centering with J7=80.2\u00b0 and closing gripper to +7\u00b0; recording follows automatically"}
[python3-3] VERIFICATION PHASE: {"t": 510214.887017678, "phase": "CENTERING", "status": "CENTERING"}
[python3-3] ONE RUN: center and gripper closure confirmed; starting recording without a loading pause
[python3-3] VERIFICATION PHASE: {"t": 510217.49500666, "phase": "MOVING TO RECORDING START", "status": "Centered with gripper closed at +7\u00b0 \u2014 moving to the recording's first pose"}
[python3-3] START HOLD 
[python3-3] VERIFICATION PHASE: {"t": 510219.254913607, "phase": "RECORDING PLAYBACK", "status": "Smooth recording: 0.00/4.80 s \u2022 START HOLD \u2022 camera observations 0"}
[python3-3] TEMPORARY POSITION GAINS 
[python3-3] PLAYBACK {"duration_s": 4.8}
[python3-3] ENDPOINT SOFT HOLD 
[python3-3] ENDPOINT GAIN RESTORATION {"ramp_s": 0.5}
[python3-3] ENDPOINT HOLD 
[python3-3] ENDPOINT VERIFIED {"t": 510227.342408334, "goal_rad": [-0.6055312428473343, 0.21194552529182964, 0.24416891737239688, 1.7329663538567175, 0.20476168513003543, -0.30516319523918334, 0.6001606775005737], "actual_rad": [-0.6055312428473343, 0.21232913710231216, 0.24416891737239688, 1.7333499656672, 0.20476168513003543, -0.3047795834287008, 0.6001606775005737], "max_error_deg": 0.02197933771202081, "settle_range_deg": 0.02197933771202081, "settled_seconds": 0.6010450330213644, "tolerance_deg": 0.05}
[python3-3] VERIFICATION PHASE: {"t": 510227.515364856, "phase": "SETTLING RECORDING END", "status": "Recorded path complete \u2014 original gains restored; settling at its final pose"}
[python3-3] PINK ZONE CONFIRMED ONCE (camera frame 883); starting the J7 hit search at 5°, then increasing by 1°
[python3-3] HYBRID J7: experiment hardware tuning; kick 0.3 Nm / 40 ms; 500 Hz; search 5° through 11°; fixed camera anchor; 100 BPM swing permits partial returns after 4° rebound
[python3-3] VERIFICATION PHASE: {"t": 510228.456358974, "phase": "STRIKE MOVING OUT", "status": "Hybrid hit search: J7 \u22125\u00b0 \u2014 waiting for fresh settled hold, then impulse/coast/catch/return"}
[python3-3] VERIFICATION PHASE: {"t": 510229.366276866, "phase": "STRIKE RETURNING TO CYMBAL POSE", "status": "Hybrid hit search: J7 \u22125\u00b0 \u2014 waiting for fresh settled hold, then impulse/coast/catch/return"}
[python3-3] HYBRID search −5°: measured peak 5.231°; returned and settled
[python3-3] VERIFICATION PHASE: {"t": 510229.702505922, "phase": "STRIKE WAITING FOR SOUND", "status": "J7 \u22125\u00b0 attempt returned to the pink-zone pose \u2014 waiting for ST7's finalized audio interval before declaring a miss"}
[python3-3] VERIFICATION PHASE: {"t": 510230.362950358, "phase": "STRIKE MOVING OUT", "status": "Hybrid hit search: J7 \u22126\u00b0 \u2014 waiting for fresh settled hold, then impulse/coast/catch/return"}
[python3-3] VERIFICATION PHASE: {"t": 510230.43322279, "phase": "STRIKE RETURNING TO CYMBAL POSE", "status": "Hybrid hit search: J7 \u22126\u00b0 \u2014 waiting for fresh settled hold, then impulse/coast/catch/return"}
[python3-3] HYBRID search −6°: measured peak 6.154°; returned and settled
[python3-3] VERIFICATION PHASE: {"t": 510230.754561929, "phase": "STRIKE WAITING FOR SOUND", "status": "J7 \u22126\u00b0 attempt returned to the pink-zone pose \u2014 waiting for ST7's finalized audio interval before declaring a miss"}
[python3-3] VERIFICATION PHASE: {"t": 510231.646908948, "phase": "STRIKE MOVING OUT", "status": "Hybrid hit search: J7 \u22127\u00b0 \u2014 waiting for fresh settled hold, then impulse/coast/catch/return"}
[python3-3] VERIFICATION PHASE: {"t": 510231.716560945, "phase": "STRIKE RETURNING TO CYMBAL POSE", "status": "Hybrid hit search: J7 \u22127\u00b0 \u2014 waiting for fresh settled hold, then impulse/coast/catch/return"}
[python3-3] HYBRID search −7°: measured peak 7.143°; returned and settled
[python3-3] VERIFICATION PHASE: {"t": 510232.054919463, "phase": "STRIKE WAITING FOR SOUND", "status": "J7 \u22127\u00b0 attempt returned to the pink-zone pose \u2014 waiting for ST7's finalized audio interval before declaring a miss"}
[python3-3] VERIFICATION PHASE: {"t": 510232.818563851, "phase": "STRIKE MOVING OUT", "status": "Hybrid hit search: J7 \u22128\u00b0 \u2014 waiting for fresh settled hold, then impulse/coast/catch/return"}
[python3-3] VERIFICATION PHASE: {"t": 510232.922510874, "phase": "STRIKE RETURNING TO CYMBAL POSE", "status": "Hybrid hit search: J7 \u22128\u00b0 \u2014 waiting for fresh settled hold, then impulse/coast/catch/return"}
[python3-3] HYBRID search −8°: measured peak 8.242°; returned and settled
[python3-3] VERIFICATION PHASE: {"t": 510233.204843848, "phase": "STRIKE WAITING FOR SOUND", "status": "J7 \u22128\u00b0 attempt returned to the pink-zone pose \u2014 waiting for ST7's finalized audio interval before declaring a miss"}
[python3-3] VERIFICATION PHASE: {"t": 510234.079488337, "phase": "STRIKE MOVING OUT", "status": "Hybrid hit search: J7 \u22129\u00b0 \u2014 waiting for fresh settled hold, then impulse/coast/catch/return"}
[python3-3] VERIFICATION PHASE: {"t": 510234.184521312, "phase": "STRIKE RETURNING TO CYMBAL POSE", "status": "Hybrid hit search: J7 \u22129\u00b0 \u2014 waiting for fresh settled hold, then impulse/coast/catch/return"}
[python3-3] HYBRID search −9°: measured peak 9.209°; returned and settled
[python3-3] VERIFICATION PHASE: {"t": 510234.487322843, "phase": "STRIKE WAITING FOR SOUND", "status": "J7 \u22129\u00b0 attempt returned to the pink-zone pose \u2014 waiting for ST7's finalized audio interval before declaring a miss"}
[python3-3] VERIFICATION PHASE: {"t": 510235.224687837, "phase": "STRIKE MOVING OUT", "status": "Hybrid hit search: J7 \u221210\u00b0 \u2014 waiting for fresh settled hold, then impulse/coast/catch/return"}
[python3-3] VERIFICATION PHASE: {"t": 510235.323024099, "phase": "STRIKE RETURNING TO CYMBAL POSE", "status": "Hybrid hit search: J7 \u221210\u00b0 \u2014 waiting for fresh settled hold, then impulse/coast/catch/return"}
[python3-3] HYBRID search −10°: measured peak 10.110°; returned and settled
[python3-3] VERIFICATION PHASE: {"t": 510235.659641953, "phase": "STRIKE WAITING FOR SOUND", "status": "J7 \u221210\u00b0 attempt returned to the pink-zone pose \u2014 waiting for ST7's finalized audio interval before declaring a miss"}
[python3-3] VERIFICATION PHASE: {"t": 510236.426393365, "phase": "STRIKE MOVING OUT", "status": "Hybrid hit search: J7 \u221211\u00b0 \u2014 waiting for fresh settled hold, then impulse/coast/catch/return"}
[python3-3] VERIFICATION PHASE: {"t": 510236.564257313, "phase": "STRIKE RETURNING TO CYMBAL POSE", "status": "Hybrid hit search: J7 \u221211\u00b0 \u2014 waiting for fresh settled hold, then impulse/coast/catch/return"}
[python3-3] HYBRID search −11°: measured peak 10.748°; returned and settled
[python3-3] VERIFICATION PHASE: {"t": 510236.865040164, "phase": "STRIKE WAITING FOR SOUND", "status": "J7 \u221211\u00b0 attempt returned to the pink-zone pose \u2014 waiting for ST7's finalized audio interval before declaring a miss"}
[python3-5] {"event": "HIT", "time_since_start": 37.37, "event_monotonic": 510236.50585985003, "score": 0.925762, "normality_score": 46.4, "notification_monotonic": 510237.246650905}
[python3-3] ST7 CYMBAL HIT DETECTED on J7 −11° attempt — selecting this first detected depth
[python3-3] HYBRID first detected depth 11°: 100 BPM swing + hi-hat; 4° minimum rebound before partial-return releases
[python3-3] VERIFICATION PHASE: {"t": 510237.251993678, "phase": "100 BPM STRIKE WAITING", "status": "HYBRID first detected depth 11\u00b0: 100 BPM swing + hi-hat; 4\u00b0 minimum rebound before partial-return releases"}
[python3-3] VERIFICATION PHASE: {"t": 510237.284304531, "phase": "100 BPM STRIKE MOVING OUT", "status": "HYBRID first detected depth 11\u00b0: 100 BPM swing + hi-hat; 4\u00b0 minimum rebound before partial-return releases"}
[python3-3] VERIFICATION PHASE: {"t": 510237.391418425, "phase": "100 BPM STRIKE RETURNING", "status": "HYBRID first detected depth 11\u00b0: 100 BPM swing + hi-hat; 4\u00b0 minimum rebound before partial-return releases"}
[python3-3] HYBRID swing 1 (pickup (extra before beat 1)): target 11°; arrival error +0.0 ms; partial returns 0
[python3-3] J7 STRIKE LOW strike 1 [pickup (extra before beat 1), hybrid]: 10.68 deg down from anchor; lowest J7 encoder: 23.73 deg; commanded: 11 deg
[python3-3] VERIFICATION PHASE: {"t": 510237.531414121, "phase": "100 BPM STRIKE MOVING OUT", "status": "HYBRID first detected depth 11\u00b0: 100 BPM swing + hi-hat; 4\u00b0 minimum rebound before partial-return releases"}
[python3-3] VERIFICATION PHASE: {"t": 510237.600488785, "phase": "100 BPM STRIKE RETURNING", "status": "HYBRID first detected depth 11\u00b0: 100 BPM swing + hi-hat; 4\u00b0 minimum rebound before partial-return releases"}
[python3-3] HYBRID swing 2 (beat 1): target 11°; arrival error +14.0 ms; partial returns 1
[python3-3] J7 STRIKE LOW strike 2 [beat 1, hybrid]: 10.66 deg down from anchor; lowest J7 encoder: 23.75 deg; commanded: 11 deg
[python3-3] VERIFICATION PHASE: {"t": 510237.919115545, "phase": "100 BPM STRIKE WAITING", "status": "100 BPM swing beat 1: hi-hat motor 2 CLOSE 110\u00b0 on the main-beat deadline"}
[python3-3] VERIFICATION PHASE: {"t": 510238.090668161, "phase": "100 BPM STRIKE MOVING OUT", "status": "100 BPM swing beat 1: hi-hat motor 2 CLOSE 110\u00b0 on the main-beat deadline"}
[python3-5] {"event": "HIT", "time_since_start": 38.21, "event_monotonic": 510237.34585569997, "score": 0.614462, "normality_score": 56.8, "notification_monotonic": 510238.121431653}
[python3-5] {"event": "HIT", "time_since_start": 38.43, "event_monotonic": 510237.5658557, "score": 0.31945, "normality_score": 69.6, "notification_monotonic": 510238.12227109}
[python3-3] ST7 HIT NOT SELECTED: {"reason": "no active released search (swing hits are informational)", "phase": "100 BPM STRIKE MOVING OUT", "onset": 510237.34585569997, "detected_at": 510238.122552843, "release": 510236.418312475, "returned": 510236.81662785}
[python3-3] ST7 HIT NOT SELECTED: {"reason": "no active released search (swing hits are informational)", "phase": "100 BPM STRIKE MOVING OUT", "onset": 510237.5658557, "detected_at": 510238.122607678, "release": 510236.418312475, "returned": 510236.81662785}
[python3-3] VERIFICATION PHASE: {"t": 510238.196854889, "phase": "100 BPM STRIKE RETURNING", "status": "100 BPM swing beat 1: hi-hat motor 2 CLOSE 110\u00b0 on the main-beat deadline"}
[python3-3] HYBRID swing 3 (beat 2): target 11°; arrival error +6.7 ms; partial returns 1
[python3-3] J7 STRIKE LOW strike 3 [beat 2, hybrid]: 10.88 deg down from anchor; lowest J7 encoder: 23.53 deg; commanded: 11 deg
[python3-3] VERIFICATION PHASE: {"t": 510238.501942844, "phase": "100 BPM STRIKE MOVING OUT", "status": "100 BPM swing beat 2: hi-hat motor 2 OPEN 0\u00b0 on the main-beat deadline"}
[python3-3] VERIFICATION PHASE: {"t": 510238.574047676, "phase": "100 BPM STRIKE RETURNING", "status": "100 BPM swing beat 2: hi-hat motor 2 OPEN 0\u00b0 on the main-beat deadline"}
[python3-3] HYBRID swing 4 (extra after beat 2): target 11°; arrival error +6.7 ms; partial returns 2
[python3-3] J7 STRIKE LOW strike 4 [extra after beat 2, hybrid]: 10.59 deg down from anchor; lowest J7 encoder: 23.81 deg; commanded: 11 deg
[python3-3] VERIFICATION PHASE: {"t": 510238.723710678, "phase": "100 BPM STRIKE MOVING OUT", "status": "100 BPM swing beat 2: hi-hat motor 2 OPEN 0\u00b0 on the main-beat deadline"}
[python3-3] VERIFICATION PHASE: {"t": 510238.82387365, "phase": "100 BPM STRIKE RETURNING", "status": "100 BPM swing beat 2: hi-hat motor 2 OPEN 0\u00b0 on the main-beat deadline"}
[python3-3] HYBRID swing 5 (beat 3): target 11°; arrival error +28.9 ms; partial returns 3
[python3-3] J7 STRIKE LOW strike 5 [beat 3, hybrid]: 10.57 deg down from anchor; lowest J7 encoder: 23.84 deg; commanded: 11 deg
[python3-3] VERIFICATION PHASE: {"t": 510239.142363195, "phase": "100 BPM STRIKE WAITING", "status": "100 BPM swing beat 3: hi-hat motor 2 CLOSE 110\u00b0 on the main-beat deadline"}
[python3-3] VERIFICATION PHASE: {"t": 510239.269551085, "phase": "100 BPM STRIKE MOVING OUT", "status": "100 BPM swing beat 3: hi-hat motor 2 CLOSE 110\u00b0 on the main-beat deadline"}
[python3-3] VERIFICATION PHASE: {"t": 510239.365821506, "phase": "100 BPM STRIKE RETURNING", "status": "100 BPM swing beat 3: hi-hat motor 2 CLOSE 110\u00b0 on the main-beat deadline"}
[python3-3] HYBRID swing 6 (beat 4): target 11°; arrival error -6.2 ms; partial returns 3
[python3-3] J7 STRIKE LOW strike 6 [beat 4, hybrid]: 10.81 deg down from anchor; lowest J7 encoder: 23.59 deg; commanded: 11 deg
[python3-3] VERIFICATION PHASE: {"t": 510239.726578677, "phase": "100 BPM STRIKE MOVING OUT", "status": "100 BPM swing beat 4: hi-hat motor 2 OPEN 0\u00b0 on the main-beat deadline"}
[python3-3] VERIFICATION PHASE: {"t": 510239.799322241, "phase": "100 BPM STRIKE RETURNING", "status": "100 BPM swing beat 4: hi-hat motor 2 OPEN 0\u00b0 on the main-beat deadline"}
[python3-3] HYBRID swing 7 (extra after beat 4): target 11°; arrival error +0.2 ms; partial returns 3
[python3-3] J7 STRIKE LOW strike 7 [extra after beat 4, hybrid]: 10.48 deg down from anchor; lowest J7 encoder: 23.92 deg; commanded: 11 deg
[python3-3] VERIFICATION PHASE: {"t": 510239.93590958, "phase": "100 BPM STRIKE MOVING OUT", "status": "100 BPM swing beat 4: hi-hat motor 2 OPEN 0\u00b0 on the main-beat deadline"}
[python3-3] VERIFICATION PHASE: {"t": 510240.004269988, "phase": "100 BPM STRIKE RETURNING", "status": "100 BPM swing beat 4: hi-hat motor 2 OPEN 0\u00b0 on the main-beat deadline"}
[python3-3] HYBRID swing 8 (beat 1): target 11°; arrival error +11.7 ms; partial returns 4
[python3-3] J7 STRIKE LOW strike 8 [beat 1, hybrid]: 10.66 deg down from anchor; lowest J7 encoder: 23.75 deg; commanded: 11 deg
[python3-3] VERIFICATION PHASE: {"t": 510240.315916278, "phase": "100 BPM STRIKE WAITING", "status": "100 BPM swing beat 1: hi-hat motor 2 CLOSE 110\u00b0 on the main-beat deadline"}
[python3-3] VERIFICATION PHASE: {"t": 510240.470513707, "phase": "100 BPM STRIKE MOVING OUT", "status": "100 BPM swing beat 1: hi-hat motor 2 CLOSE 110\u00b0 on the main-beat deadline"}
[python3-3] VERIFICATION PHASE: {"t": 510240.576830955, "phase": "100 BPM STRIKE RETURNING", "status": "100 BPM swing beat 1: hi-hat motor 2 CLOSE 110\u00b0 on the main-beat deadline"}
[python3-3] HYBRID swing 9 (beat 2): target 11°; arrival error -8.1 ms; partial returns 4
[python3-3] J7 STRIKE LOW strike 9 [beat 2, hybrid]: 10.81 deg down from anchor; lowest J7 encoder: 23.59 deg; commanded: 11 deg
[python3-3] VERIFICATION PHASE: {"t": 510240.888507885, "phase": "100 BPM STRIKE MOVING OUT", "status": "100 BPM swing beat 2: hi-hat motor 2 OPEN 0\u00b0 on the main-beat deadline"}
[python3-3] VERIFICATION PHASE: {"t": 510240.998426322, "phase": "100 BPM STRIKE RETURNING", "status": "100 BPM swing beat 2: hi-hat motor 2 OPEN 0\u00b0 on the main-beat deadline"}
[python3-3] HYBRID swing 10 (extra after beat 2): target 11°; arrival error +1.3 ms; partial returns 4
[python3-3] J7 STRIKE LOW strike 10 [extra after beat 2, hybrid]: 10.62 deg down from anchor; lowest J7 encoder: 23.79 deg; commanded: 11 deg
[python3-3] VERIFICATION PHASE: {"t": 510241.100673829, "phase": "100 BPM STRIKE MOVING OUT", "status": "100 BPM swing beat 2: hi-hat motor 2 OPEN 0\u00b0 on the main-beat deadline"}
[python3-3] VERIFICATION PHASE: {"t": 510241.214773051, "phase": "100 BPM STRIKE RETURNING", "status": "100 BPM swing beat 2: hi-hat motor 2 OPEN 0\u00b0 on the main-beat deadline"}
[python3-3] HYBRID swing 11 (beat 3): target 11°; arrival error +19.8 ms; partial returns 5
[python3-3] J7 STRIKE LOW strike 11 [beat 3, hybrid]: 10.64 deg down from anchor; lowest J7 encoder: 23.77 deg; commanded: 11 deg
[python3-3] VERIFICATION PHASE: {"t": 510241.507911553, "phase": "100 BPM STRIKE WAITING", "status": "100 BPM swing beat 3: hi-hat motor 2 CLOSE 110\u00b0 on the main-beat deadline"}
[python3-3] VERIFICATION PHASE: {"t": 510241.663762256, "phase": "100 BPM STRIKE MOVING OUT", "status": "100 BPM swing beat 3: hi-hat motor 2 CLOSE 110\u00b0 on the main-beat deadline"}
[python3-3] VERIFICATION PHASE: {"t": 510241.762461036, "phase": "100 BPM STRIKE RETURNING", "status": "100 BPM swing beat 3: hi-hat motor 2 CLOSE 110\u00b0 on the main-beat deadline"}
[python3-3] HYBRID swing 12 (beat 4): target 11°; arrival error -6.1 ms; partial returns 5
[python3-3] J7 STRIKE LOW strike 12 [beat 4, hybrid]: 10.81 deg down from anchor; lowest J7 encoder: 23.59 deg; commanded: 11 deg
[python3-3] VERIFICATION PHASE: {"t": 510242.10578049, "phase": "100 BPM STRIKE MOVING OUT", "status": "100 BPM swing beat 4: hi-hat motor 2 OPEN 0\u00b0 on the main-beat deadline"}
[python3-3] VERIFICATION PHASE: {"t": 510242.178228673, "phase": "100 BPM STRIKE RETURNING", "status": "100 BPM swing beat 4: hi-hat motor 2 OPEN 0\u00b0 on the main-beat deadline"}
[python3-3] HYBRID swing 13 (extra after beat 4): target 11°; arrival error +2.7 ms; partial returns 5
[python3-3] J7 STRIKE LOW strike 13 [extra after beat 4, hybrid]: 10.57 deg down from anchor; lowest J7 encoder: 23.84 deg; commanded: 11 deg
[python3-3] VERIFICATION PHASE: {"t": 510242.325538461, "phase": "100 BPM STRIKE MOVING OUT", "status": "100 BPM swing beat 4: hi-hat motor 2 OPEN 0\u00b0 on the main-beat deadline"}
[python3-3] VERIFICATION PHASE: {"t": 510242.427769707, "phase": "100 BPM STRIKE RETURNING", "status": "100 BPM swing beat 1: hi-hat motor 2 CLOSE 110\u00b0 on the main-beat deadline"}
[python3-3] VERIFICATION: five seconds of swing measured; Center + Relax requested
[python3-3] Stop requested — finishing hybrid return, then Center + Relax
[python3-3] VERIFICATION PHASE: {"t": 510242.462160527, "phase": "HYBRID FINISHING RETURN", "status": "Stop requested \u2014 finishing hybrid return, then Center + Relax"}
[python3-3] J7 STRIKE LOW strike 14 [beat 1, hybrid]: 10.57 deg down from anchor; lowest J7 encoder: 23.84 deg; commanded: 11 deg
[python3-3] VERIFICATION PHASE: {"t": 510242.848907641, "phase": "HYBRID LEAVING MIT SESSION", "status": "Hybrid returned and settled; confirming position mode before centering"}
[python3-3] VERIFICATION PHASE: {"t": 510242.990988604, "phase": "CENTER RELAX RECENTERING", "status": "Hybrid stopped; position mode confirmed \u2014 centering, then relaxing"}
[python3-3] CENTER VERIFIED BEFORE RELAX: {"t": 510248.376100089, "goal_rad": [0.0, 0.0, 0.0, 0.0, 0.0, 0.0, 1.4], "actual_rad": [0.0005754177157246687, 0.00019180590524214836, 0.00019180590524214836, 0.0005754177157246687, -8.702166785959364e-05, 0.00019180590524214836, 1.4007585259784854], "max_error_deg": 0.12088635741626712, "span_deg": 0.10989668856020582, "settled_s": 0.6283146130153909}
[python3-3] VERIFICATION PHASE: {"t": 510248.393827264, "phase": "RELAXING", "status": "Center + Relax complete; centered; right motors disabled \u2014 confirming disabled feedback"}
[python3-3] VERIFICATION PHASE: {"t": 510248.426864275, "phase": "RELAXED", "status": "Right motors disabled"}
[python3-3] PHYSICAL SWING RESULT: {"success": false, "physical": true, "duration_s": 5.021710573986638, "encoder_strikes": 14, "audio_hits": 2, "audio_matched_strikes": 2, "audio_span_s": 0.22000000003026798, "faults": [], "center": {"t": 510248.376100089, "goal_rad": [0.0, 0.0, 0.0, 0.0, 0.0, 0.0, 1.4], "actual_rad": [0.0005754177157246687, 0.00019180590524214836, 0.00019180590524214836, 0.0005754177157246687, -8.702166785959364e-05, 0.00019180590524214836, 1.4007585259784854], "max_error_deg": 0.12088635741626712, "span_deg": 0.10989668856020582, "settled_s": 0.6283146130153909}, "relaxed_verified": true, "bottoms": [{"at": 510237.398620581, "count": 1, "lateness": 0.0, "peak": 0.1864353398947145, "partial_returns": 0, "q": 0.42369924467841535, "target_degrees": 11}, {"at": 510237.612576294, "count": 2, "lateness": 0.01395571295870468, "peak": 0.1860517280842302, "partial_returns": 1, "q": 0.42600091554131403, "target_degrees": 11}, {"at": 510238.205346389, "count": 3, "lateness": 0.00672580796526745, "peak": 0.18988784618906074, "partial_returns": 1, "q": 0.4194795147631041, "target_degrees": 11}, {"at": 510238.605322052, "count": 4, "lateness": 0.006701470992993563, "peak": 0.18490089265278264, "partial_returns": 2, "q": 0.4256173037308315, "target_degrees": 11}, {"at": 510238.827564451, "count": 5, "lateness": 0.028943869983777404, "peak": 0.18451728084229835, "partial_returns": 3, "q": 0.432522316319524, "target_degrees": 11}, {"at": 510239.392444811, "count": 6, "lateness": -0.006175770016852766, "peak": 0.1887370107576114, "partial_returns": 3, "q": 0.4198631265735866, "target_degrees": 11}, {"at": 510239.79880279, "count": 7, "lateness": 0.00018220895435661077, "peak": 0.1829828336003665, "partial_returns": 3, "q": 0.42600091554131403, "target_degrees": 11}, {"at": 510240.010326587, "count": 8, "lateness": 0.011706005956511945, "peak": 0.1860517280842302, "partial_returns": 4, "q": 0.42638452735179655, "target_degrees": 11}, {"at": 510240.590516523, "count": 9, "lateness": -0.008104058040771633, "peak": 0.1887370107576114, "partial_returns": 4, "q": 0.4198631265735866, "target_degrees": 11}, {"at": 510240.999906463, "count": 10, "lateness": 0.001285881968215108, "peak": 0.18528450446326516, "partial_returns": 4, "q": 0.42446646829938217, "target_degrees": 11}, {"at": 510241.218419987, "count": 11, "lateness": 0.01979940594173968, "peak": 0.18566811627374769, "partial_returns": 5, "q": 0.4543881895170525, "target_degrees": 11}, {"at": 510241.792495252, "count": 12, "lateness": -0.006125329062342644, "peak": 0.1887370107576114, "partial_returns": 5, "q": 0.4129581139848941, "target_degrees": 11}, {"at": 510242.201322137, "count": 13, "lateness": 0.0027015559608116746, "peak": 0.18451728084229835, "partial_returns": 5, "q": 0.4179450675211722, "target_degrees": 11}, {"at": 510242.420331155, "count": 14, "lateness": 0.021710573928430676, "peak": 0.18451728084229835, "partial_returns": 6, "q": 0.4171778439002054, "target_degrees": 11}], "audio": [{"version": 2, "kind": "hit", "event_at": 510237.34585569997, "detected_at": 510238.122552843, "score": 0.614462, "normality_score": 56.8}, {"version": 2, "kind": "hit", "event_at": 510237.5658557, "detected_at": 510238.122607678, "score": 0.31945, "normality_score": 69.6}]}
[python3-3] CLOSE REQUEST: center and verify before disabling or exiting
[INFO] [python3-3]: process has finished cleanly [pid 691236]
[INFO] [python3-5]: sending signal 'SIGINT' to process[python3-5]
[INFO] [python-4]: sending signal 'SIGINT' to process[python-4]
[INFO] [rviz2-2]: sending signal 'SIGINT' to process[rviz2-2]
[INFO] [robot_state_publisher-1]: sending signal 'SIGINT' to process[robot_state_publisher-1]
[rviz2-2] [INFO] [1791170101.367847022] [rclcpp]: signal_handler(SIGINT/SIGTERM)
[robot_state_publisher-1] [INFO] [1791170101.369071712] [rclcpp]: signal_handler(SIGINT/SIGTERM)
[python-4] Saved recording to /home/jason/Proyectos3/Y2/recordings/20261004_201410_936995.mp4
[INFO] [robot_state_publisher-1]: process has finished cleanly [pid 691234]
[INFO] [rviz2-2]: process has finished cleanly [pid 691235]
[python3-5] {"status": "stopped", "captured_seconds": 49.6}
[INFO] [python-4]: process has finished cleanly [pid 691237]
[INFO] [python3-5]: process has finished cleanly [pid 691238]
