esptool v5.3.1
Serial port /dev/serial/by-id/usb-Silicon_Labs_CP2102_USB_to_UART_Bridge_Controller_0001-if00-port0:
Connecting....
Connected to ESP32 on /dev/serial/by-id/usb-Silicon_Labs_CP2102_USB_to_UART_Bridge_Controller_0001-if00-port0:
Chip type:          ESP32-D0WD-V3 (revision v3.1)
Features:           Wi-Fi, BT, Dual Core + LP Core, 240MHz, Vref calibration in eFuse, Coding Scheme None
Crystal frequency:  40MHz
MAC:                f4:2d:c9:85:b4:00

Uploading stub flasher...
Running stub flasher...
Stub flasher running.
Changing baud rate to 921600...
Changed.

Configuring flash size...

Writing '/home/jason/Proyectos3/X5/diagnostics/hihat_calibration_20261005/firmware/motor_beat.ino.bootloader.bin' at 0x00001000...
No changed sectors found, verifying if data is in flash...
'/home/jason/Proyectos3/X5/diagnostics/hihat_calibration_20261005/firmware/motor_beat.ino.bootloader.bin' at 0x00001000 verified.

Writing '/home/jason/Proyectos3/X5/diagnostics/hihat_calibration_20261005/firmware/motor_beat.ino.partitions.bin' at 0x00008000...
No changed sectors found, verifying if data is in flash...
'/home/jason/Proyectos3/X5/diagnostics/hihat_calibration_20261005/firmware/motor_beat.ino.partitions.bin' at 0x00008000 verified.

Writing '/home/jason/.arduino15/packages/esp32/hardware/esp32/3.3.11/tools/partitions/boot_app0.bin' at 0x0000e000...
Flash will be erased from 0x0000e000 to 0x0000ffff...
Compressed 8192 bytes to 47...
Writing at 0x0000e000 [                              ]   0.0% 0/47 bytes... 
Writing at 0x00010000 [==============================] 100.0% 47/47 bytes... 
Wrote 8192 bytes (47 compressed) at 0x0000e000 in 0.0 seconds (1319.3 kbit/s).
Verifying written data...
Hash of data verified.

Writing '/home/jason/Proyectos3/X5/diagnostics/hihat_calibration_20261005/firmware/motor_beat.ino.bin' at 0x00010000...
Changed data sectors found, fast reflashing...
Reflashing 71 changed sectors at 0x00010000...
Flash will be erased from 0x00010000 to 0x00056fff...
Compressed 290816 bytes to 166638...
Writing at 0x00010000 [                              ]   0.0% 0/166638 bytes... 
Writing at 0x0001bd91 [=>                            ]   9.8% 16384/166638 bytes... 
Writing at 0x00023c2e [====>                         ]  19.7% 32768/166638 bytes... 
Writing at 0x00029266 [=======>                      ]  29.5% 49152/166638 bytes... 
Writing at 0x0002e604 [==========>                   ]  39.3% 65536/166638 bytes... 
Writing at 0x00033c48 [=============>                ]  49.2% 81920/166638 bytes... 
Writing at 0x0003976e [================>             ]  59.0% 98304/166638 bytes... 
Writing at 0x00042079 [===================>          ]  68.8% 114688/166638 bytes... 
Writing at 0x00049987 [======================>       ]  78.7% 131072/166638 bytes... 
Writing at 0x0004f0c9 [=========================>    ]  88.5% 147456/166638 bytes... 
Writing at 0x00054e55 [============================> ]  98.3% 163840/166638 bytes... 
Writing at 0x00057000 [==============================] 100.0% 166638/166638 bytes... 
Wrote 290816 bytes (166638 compressed) at 0x00010000 in 2.7 seconds (871.7 kbit/s).
Verifying written data...
Hash of data verified.

Hard resetting via RTS pin...
New upload port: /dev/serial/by-id/usb-Silicon_Labs_CP2102_USB_to_UART_Bridge_Controller_0001-if00-port0 (serial)
