Session: /home/jason/Proyectos3/X5/diagnostics/hihat_collection/20261005T175549-54ef005a
NTFY ACCEPTED 
Motion in 10s
Motion in 9s
Motion in 8s
Motion in 7s
Motion in 6s
Motion in 5s
Motion in 4s
Motion in 3s
Motion in 2s
Motion in 1s
CAPTURED HIHAT EXAMPLE {"block": 31, "kind": "background", "closures": 0, "start": 563107.929818362, "end": 563113.929897061}
CAPTURED HIHAT EXAMPLE {"block": 32, "kind": "background", "closures": 0, "start": 563113.930217318, "end": 563119.932502716}
CAPTURED HIHAT EXAMPLE {"block": 33, "kind": "background", "closures": 0, "start": 563119.932912365, "end": 563125.934894431}
CAPTURED HIHAT EXAMPLE {"block": 34, "kind": "background", "closures": 0, "start": 563125.935424081, "end": 563131.936161827}
CAPTURED HIHAT EXAMPLE {"block": 35, "kind": "background", "closures": 0, "start": 563131.936866784, "end": 563137.937295438}
CAPTURED HIHAT EXAMPLE {"block": 1, "kind": "hihat_only", "closures": 2, "start": 563137.937679096, "end": 563145.140493214, "close_due": 563139.937679096}
CAPTURED HIHAT EXAMPLE {"block": 2, "kind": "hihat_only", "closures": 1, "start": 563145.140928923, "end": 563151.141505938, "close_due": 563147.140928923}
CAPTURED HIHAT EXAMPLE {"block": 3, "kind": "hihat_only", "closures": 1, "start": 563151.142155439, "end": 563157.142395438, "close_due": 563153.142155439}
CAPTURED HIHAT EXAMPLE {"block": 4, "kind": "hihat_only", "closures": 1, "start": 563157.142812471, "end": 563163.144676646, "close_due": 563159.142812471}
CAPTURED HIHAT EXAMPLE {"block": 5, "kind": "hihat_only", "closures": 1, "start": 563163.145431228, "end": 563169.147642262, "close_due": 563165.145431228}
CAPTURED HIHAT EXAMPLE {"block": 6, "kind": "hihat_only", "closures": 1, "start": 563169.148342971, "end": 563175.149779631, "close_due": 563171.148342971}
CAPTURED HIHAT EXAMPLE {"block": 7, "kind": "hihat_only", "closures": 1, "start": 563175.150305434, "end": 563181.153036506, "close_due": 563177.150305434}
CAPTURED HIHAT EXAMPLE {"block": 8, "kind": "hihat_only", "closures": 2, "start": 563181.15403567, "end": 563188.355384292, "close_due": 563183.15403567}
CAPTURED HIHAT EXAMPLE {"block": 9, "kind": "hihat_only", "closures": 1, "start": 563188.356295466, "end": 563194.356887695, "close_due": 563190.356295466}
CAPTURED HIHAT EXAMPLE {"block": 10, "kind": "hihat_only", "closures": 1, "start": 563194.357648059, "end": 563200.360846073, "close_due": 563196.357648059}
CAPTURED HIHAT EXAMPLE {"block": 11, "kind": "hihat_only", "closures": 2, "start": 563200.361376143, "end": 563207.56444375, "close_due": 563202.361376143}
CAPTURED HIHAT EXAMPLE {"block": 12, "kind": "hihat_only", "closures": 1, "start": 563207.565229564, "end": 563213.56580766, "close_due": 563209.565229564}
CAPTURED HIHAT EXAMPLE {"block": 13, "kind": "hihat_only", "closures": 1, "start": 563213.56647764, "end": 563219.56763655, "close_due": 563215.56647764}
CAPTURED HIHAT EXAMPLE {"block": 14, "kind": "hihat_only", "closures": 1, "start": 563219.56815067, "end": 563225.570388614, "close_due": 563221.56815067}
CAPTURED HIHAT EXAMPLE {"block": 15, "kind": "hihat_only", "closures": 1, "start": 563225.571698627, "end": 563231.57365327, "close_due": 563227.571698627}
CAPTURED HIHAT EXAMPLE {"block": 16, "kind": "hihat_only", "closures": 2, "start": 563231.574100992, "end": 563238.777391151, "close_due": 563233.574100992}
CAPTURED HIHAT EXAMPLE {"block": 17, "kind": "hihat_only", "closures": 1, "start": 563238.778480849, "end": 563244.779310035, "close_due": 563240.778480849}
CAPTURED HIHAT EXAMPLE {"block": 18, "kind": "hihat_only", "closures": 1, "start": 563244.779875574, "end": 563250.782543983, "close_due": 563246.779875574}
CAPTURED HIHAT EXAMPLE {"block": 19, "kind": "hihat_only", "closures": 1, "start": 563250.783183034, "end": 563256.784557045, "close_due": 563252.783183034}
CAPTURED HIHAT EXAMPLE {"block": 20, "kind": "hihat_only", "closures": 1, "start": 563256.785150989, "end": 563262.787309971, "close_due": 563258.785150989}
CAPTURED HIHAT EXAMPLE {"block": 36, "kind": "background", "closures": 0, "start": 563262.787875009, "end": 563268.78917093}
CAPTURED HIHAT EXAMPLE {"block": 37, "kind": "background", "closures": 0, "start": 563268.790236882, "end": 563274.791012813}
CAPTURED HIHAT EXAMPLE {"block": 38, "kind": "background", "closures": 0, "start": 563274.791668025, "end": 563280.79174898}
CAPTURED HIHAT EXAMPLE {"block": 39, "kind": "background", "closures": 0, "start": 563280.792768263, "end": 563286.795619582}
CAPTURED HIHAT EXAMPLE {"block": 40, "kind": "background", "closures": 0, "start": 563286.796953059, "end": 563292.799228178}
INITIAL CENTER PATH VERIFIED {"outside_buffer_mm": 0.0, "recovery_only": false}
CHECKING INITIAL CENTER AND CLOSE 
INITIAL CENTER AND CLOSE {"duration_s": 5.975154701958605}
INITIAL CENTER AND CLOSE SETTLED 
J7 MIT CONFIRMED AT CENTER 
MIT CENTER SETTLED 
CHECKING RECORD3 START 
RECORD3 START {"duration_s": 1.8038252703571256}
RECORD3 START SETTLED 
START HOLD 
TEMPORARY POSITION GAINS 
PLAYBACK RECORD3 {"duration_s": 4.8, "j7_mode": "powered MIT"}
ENDPOINT SOFT HOLD 
ENDPOINT GAIN RESTORATION {"ramp_s": 0.5}
ENDPOINT HOLD 
RECORD3 ENDPOINT VERIFIED {"t": 563327.280562646, "goal_rad": [-0.6055312428473343, 0.21194552529182964, 0.24416891737239688, 1.7329663538567175, 0.20476168513003543, -0.30516319523918334, 0.6001606775005737], "actual_rad": [-0.6051476310368518, 0.21194552529182964, 0.24416891737239688, 1.7329663538567175, 0.20476168513003543, -0.30516319523918334, 0.5997770656900894], "max_error_deg": 0.021979337712122585, "settle_range_deg": 0.02197933771202081, "settled_seconds": 0.628671110025607, "tolerance_deg": 0.05}
CAPTURED HIHAT EXAMPLE {"block": 21, "kind": "mixed", "closures": 1, "strikes": 1, "depth_deg": 11.0, "ride_command_offset_s": 0.0, "start": 563327.51781109, "end": 563333.520088105, "close_due": 563329.51781109, "requested_at": 563329.519442025, "last_release": 563329.528981744, "last_return": 563329.932972492, "last_peak_deg": 10.747896141190287}
CAPTURED HIHAT EXAMPLE {"block": 22, "kind": "mixed", "closures": 1, "strikes": 1, "depth_deg": 10.0, "ride_command_offset_s": -0.4, "start": 563333.521464755, "end": 563339.522893782, "close_due": 563335.521464755, "requested_at": 563335.121542561, "last_release": 563335.124996813, "last_return": 563335.584986888, "last_peak_deg": 10.066536672116827}
CAPTURED HIHAT EXAMPLE {"block": 23, "kind": "mixed", "closures": 1, "strikes": 1, "depth_deg": 10.0, "ride_command_offset_s": -0.4, "start": 563339.523955606, "end": 563345.524179262, "close_due": 563341.523955606, "requested_at": 563341.124739976, "last_release": 563341.13706579, "last_return": 563341.572989987, "last_peak_deg": 10.088516009828849}
CAPTURED HIHAT EXAMPLE {"block": 24, "kind": "mixed", "closures": 1, "strikes": 1, "depth_deg": 11.0, "ride_command_offset_s": 0.0, "start": 563345.5257518, "end": 563351.528892415, "close_due": 563347.5257518, "requested_at": 563347.527192381, "last_release": 563347.534983483, "last_return": 563347.939025643, "last_peak_deg": 10.769875478902307}
CAPTURED HIHAT EXAMPLE {"block": 25, "kind": "mixed", "closures": 1, "strikes": 1, "depth_deg": 12.0, "ride_command_offset_s": 0.4, "start": 563351.529852955, "end": 563357.532694478, "close_due": 563353.529852955, "requested_at": 563353.932351555, "last_release": 563353.940989658, "last_return": 563354.344992342, "last_peak_deg": 11.36331759712748}
CAPTURED HIHAT EXAMPLE {"block": 26, "kind": "mixed", "closures": 1, "strikes": 1, "depth_deg": 12.0, "ride_command_offset_s": 0.4, "start": 563357.533706497, "end": 563363.535269778, "close_due": 563359.533706497, "requested_at": 563359.934218285, "last_release": 563359.937022985, "last_return": 563360.346994212, "last_peak_deg": 11.385296934839603}
CAPTURED HIHAT EXAMPLE {"block": 27, "kind": "mixed", "closures": 1, "strikes": 1, "depth_deg": 10.5, "ride_command_offset_s": -0.2, "start": 563363.536350639, "end": 563369.537738677, "close_due": 563365.536350639, "requested_at": 563365.337550945, "last_release": 563365.349074514, "last_return": 563365.744983976, "last_peak_deg": 10.440185413221588}
CAPTURED HIHAT EXAMPLE {"block": 28, "kind": "mixed", "closures": 1, "strikes": 1, "depth_deg": 10.5, "ride_command_offset_s": -0.2, "start": 563369.538830249, "end": 563375.540469733, "close_due": 563371.538830249, "requested_at": 563371.33939719, "last_release": 563371.346981584, "last_return": 563371.756998992, "last_peak_deg": 10.440185413221588}
CAPTURED HIHAT EXAMPLE {"block": 29, "kind": "mixed", "closures": 1, "strikes": 1, "depth_deg": 11.5, "ride_command_offset_s": 0.2, "start": 563375.541765699, "end": 563381.543940304, "close_due": 563377.541765699, "requested_at": 563377.742687026, "last_release": 563377.748979512, "last_return": 563378.153066131, "last_peak_deg": 11.055606869158883}
CAPTURED HIHAT EXAMPLE {"block": 30, "kind": "mixed", "closures": 1, "strikes": 1, "depth_deg": 11.5, "ride_command_offset_s": 0.2, "start": 563381.545192365, "end": 563387.54632161, "close_due": 563383.545192365, "requested_at": 563383.747034821, "last_release": 563383.754983186, "last_return": 563384.156991434, "last_peak_deg": 11.055606869158883}
CENTER BEFORE RELAX {"j7_mode": 0, "duration_s": 11.604685405290518}
CENTER SETTLED 
NOT RELAXED - ATTENTION REQUIRED {"error": "Joint limit violation"}
ACCESSORY SHUTDOWN ERROR {"error": "{'error': 'RuntimeError: Collection parent heartbeat lost', 'shutdown_error': None, 'closures_commanded': 34, 'open_command_at': 563389.547624947, 'normal_open_return_wait_s': 1.5, 'release_ack': True, 'encoder_position_verified': False, 'finished_at': 563391.061029311}"}
COLLECTION RESULT {"success": false, "error": "Joint limit violation; Accessory shutdown: {'error': 'RuntimeError: Collection parent heartbeat lost', 'shutdown_error': None, 'closures_commanded': 34, 'open_command_at': 563389.547624947, 'normal_open_return_wait_s': 1.5, 'release_ack': True, 'encoder_position_verified': False, 'finished_at': 563391.061029311}", "recovery_error": "Joint limit violation; Accessory shutdown: {'error': 'RuntimeError: Collection parent heartbeat lost', 'shutdown_error': None, 'closures_commanded': 34, 'open_command_at': 563389.547624947, 'normal_open_return_wait_s': 1.5, 'release_ack': True, 'encoder_position_verified': False, 'finished_at': 563391.061029311}", "center": null, "relaxed_verified": false, "blocks": 10, "attempted_strikes": 10, "endpoint": {"t": 563327.280562646, "goal_rad": [-0.6055312428473343, 0.21194552529182964, 0.24416891737239688, 1.7329663538567175, 0.20476168513003543, -0.30516319523918334, 0.6001606775005737], "actual_rad": [-0.6051476310368518, 0.21194552529182964, 0.24416891737239688, 1.7329663538567175, 0.20476168513003543, -0.30516319523918334, 0.5997770656900894], "max_error_deg": 0.021979337712122585, "settle_range_deg": 0.02197933771202081, "settled_seconds": 0.628671110025607, "tolerance_deg": 0.05}, "powered_at": 563303.478511054, "finished_at": 563400.141766627, "directory": "/home/jason/Proyectos3/X5/diagnostics/hihat_collection/20261005T175549-54ef005a", "labels_created": false}
