LEFT: J6 maximum positive strike depth 41.927816 deg (joint upper limit 42.971835 deg)
LEFT: powered reference down 0.147 s (previous 0.160 s), return unchanged at 0.220 s; dynamic limits unchanged
LEFT: curved acceleration reaches 143.1 deg/s at 70% of downward travel; smooth braking into the existing return
{
  "plan": [
    {
      "kind": "snare_both",
      "split": "development",
      "snare_hits": 1,
      "snare_degrees": 11.0,
      "ride_hits": 1,
      "ride_depth_deg": 10.0,
      "hihat_closures": 1,
      "ride_offset_s": 0.25,
      "hihat_offset_s": 0.25,
      "duration_s": 6.5,
      "block": 1
    },
    {
      "kind": "snare_ride",
      "split": "development",
      "snare_hits": 1,
      "snare_degrees": 11.0,
      "ride_hits": 1,
      "ride_depth_deg": 11.5,
      "hihat_closures": 0,
      "ride_offset_s": -0.35,
      "hihat_offset_s": 0.0,
      "duration_s": 6.5,
      "block": 2
    },
    {
      "kind": "ride_hihat",
      "split": "development",
      "snare_hits": 0,
      "snare_degrees": null,
      "ride_hits": 1,
      "ride_depth_deg": 10.0,
      "hihat_closures": 1,
      "ride_offset_s": 0.25,
      "hihat_offset_s": 0.25,
      "duration_s": 6.5,
      "block": 3
    },
    {
      "kind": "snare_only",
      "split": "development",
      "snare_hits": 1,
      "snare_degrees": 11.0,
      "ride_hits": 0,
      "ride_depth_deg": null,
      "hihat_closures": 0,
      "ride_offset_s": 0.25,
      "hihat_offset_s": 0.25,
      "duration_s": 6.5,
      "block": 4
    },
    {
      "kind": "snare_only",
      "split": "development",
      "snare_hits": 1,
      "snare_degrees": 11.0,
      "ride_hits": 0,
      "ride_depth_deg": null,
      "hihat_closures": 0,
      "ride_offset_s": 0.0,
      "hihat_offset_s": -0.3,
      "duration_s": 6.5,
      "block": 5
    },
    {
      "kind": "ride_hihat",
      "split": "development",
      "snare_hits": 0,
      "snare_degrees": null,
      "ride_hits": 1,
      "ride_depth_deg": 10.5,
      "hihat_closures": 1,
      "ride_offset_s": -0.35,
      "hihat_offset_s": 0.0,
      "duration_s": 6.5,
      "block": 6
    },
    {
      "kind": "background",
      "split": "development",
      "snare_hits": 0,
      "snare_degrees": null,
      "ride_hits": 0,
      "ride_depth_deg": null,
      "hihat_closures": 0,
      "ride_offset_s": 0.25,
      "hihat_offset_s": 0.25,
      "duration_s": 6.5,
      "block": 7
    },
    {
      "kind": "snare_hihat",
      "split": "development",
      "snare_hits": 1,
      "snare_degrees": 11.0,
      "ride_hits": 0,
      "ride_depth_deg": null,
      "hihat_closures": 1,
      "ride_offset_s": 0.25,
      "hihat_offset_s": 0.25,
      "duration_s": 6.5,
      "block": 8
    },
    {
      "kind": "snare_only",
      "split": "development",
      "snare_hits": 1,
      "snare_degrees": 11.0,
      "ride_hits": 0,
      "ride_depth_deg": null,
      "hihat_closures": 0,
      "ride_offset_s": 0.0,
      "hihat_offset_s": -0.3,
      "duration_s": 6.5,
      "block": 9
    },
    {
      "kind": "snare_only",
      "split": "development",
      "snare_hits": 1,
      "snare_degrees": 11.0,
      "ride_hits": 0,
      "ride_depth_deg": null,
      "hihat_closures": 0,
      "ride_offset_s": -0.35,
      "hihat_offset_s": 0.0,
      "duration_s": 6.5,
      "block": 10
    },
    {
      "kind": "snare_hihat",
      "split": "development",
      "snare_hits": 1,
      "snare_degrees": 11.0,
      "ride_hits": 0,
      "ride_depth_deg": null,
      "hihat_closures": 1,
      "ride_offset_s": -0.35,
      "hihat_offset_s": 0.0,
      "duration_s": 6.5,
      "block": 11
    },
    {
      "kind": "ride_only",
      "split": "development",
      "snare_hits": 0,
      "snare_degrees": null,
      "ride_hits": 1,
      "ride_depth_deg": 11.0,
      "hihat_closures": 0,
      "ride_offset_s": 0.25,
      "hihat_offset_s": 0.25,
      "duration_s": 6.5,
      "block": 12
    },
    {
      "kind": "snare_hihat",
      "split": "development",
      "snare_hits": 1,
      "snare_degrees": 11.0,
      "ride_hits": 0,
      "ride_depth_deg": null,
      "hihat_closures": 1,
      "ride_offset_s": 0.25,
      "hihat_offset_s": 0.25,
      "duration_s": 6.5,
      "block": 13
    },
    {
      "kind": "hihat_only",
      "split": "development",
      "snare_hits": 0,
      "snare_degrees": null,
      "ride_hits": 0,
      "ride_depth_deg": null,
      "hihat_closures": 1,
      "ride_offset_s": -0.35,
      "hihat_offset_s": 0.0,
      "duration_s": 6.5,
      "block": 14
    },
    {
      "kind": "hihat_only",
      "split": "development",
      "snare_hits": 0,
      "snare_degrees": null,
      "ride_hits": 0,
      "ride_depth_deg": null,
      "hihat_closures": 1,
      "ride_offset_s": 0.0,
      "hihat_offset_s": -0.3,
      "duration_s": 6.5,
      "block": 15
    },
    {
      "kind": "snare_only",
      "split": "development",
      "snare_hits": 2,
      "snare_degrees": 11.0,
      "ride_hits": 0,
      "ride_depth_deg": null,
      "hihat_closures": 0,
      "ride_offset_s": 0.0,
      "hihat_offset_s": -0.3,
      "duration_s": 7.5,
      "block": 16
    },
    {
      "kind": "snare_hihat",
      "split": "development",
      "snare_hits": 1,
      "snare_degrees": 11.0,
      "ride_hits": 0,
      "ride_depth_deg": null,
      "hihat_closures": 1,
      "ride_offset_s": 0.0,
      "hihat_offset_s": -0.3,
      "duration_s": 6.5,
      "block": 17
    },
    {
      "kind": "snare_only",
      "split": "development",
      "snare_hits": 1,
      "snare_degrees": 11.0,
      "ride_hits": 0,
      "ride_depth_deg": null,
      "hihat_closures": 0,
      "ride_offset_s": 0.0,
      "hihat_offset_s": -0.3,
      "duration_s": 6.5,
      "block": 18
    },
    {
      "kind": "background",
      "split": "development",
      "snare_hits": 0,
      "snare_degrees": null,
      "ride_hits": 0,
      "ride_depth_deg": null,
      "hihat_closures": 0,
      "ride_offset_s": -0.35,
      "hihat_offset_s": 0.0,
      "duration_s": 6.5,
      "block": 19
    },
    {
      "kind": "snare_ride",
      "split": "development",
      "snare_hits": 1,
      "snare_degrees": 11.0,
      "ride_hits": 1,
      "ride_depth_deg": 11.0,
      "hihat_closures": 0,
      "ride_offset_s": 0.25,
      "hihat_offset_s": 0.25,
      "duration_s": 6.5,
      "block": 20
    },
    {
      "kind": "ride_only",
      "split": "development",
      "snare_hits": 0,
      "snare_degrees": null,
      "ride_hits": 1,
      "ride_depth_deg": 11.5,
      "hihat_closures": 0,
      "ride_offset_s": 0.0,
      "hihat_offset_s": -0.3,
      "duration_s": 6.5,
      "block": 21
    },
    {
      "kind": "snare_ride",
      "split": "development",
      "snare_hits": 1,
      "snare_degrees": 11.0,
      "ride_hits": 1,
      "ride_depth_deg": 12.0,
      "hihat_closures": 0,
      "ride_offset_s": 0.0,
      "hihat_offset_s": -0.3,
      "duration_s": 6.5,
      "block": 22
    },
    {
      "kind": "ride_only",
      "split": "development",
      "snare_hits": 0,
      "snare_degrees": null,
      "ride_hits": 1,
      "ride_depth_deg": 10.5,
      "hihat_closures": 0,
      "ride_offset_s": 0.0,
      "hihat_offset_s": -0.3,
      "duration_s": 6.5,
      "block": 23
    },
    {
      "kind": "snare_ride",
      "split": "development",
      "snare_hits": 1,
      "snare_degrees": 11.0,
      "ride_hits": 1,
      "ride_depth_deg": 10.0,
      "hihat_closures": 0,
      "ride_offset_s": 0.25,
      "hihat_offset_s": 0.25,
      "duration_s": 6.5,
      "block": 24
    },
    {
      "kind": "snare_only",
      "split": "development",
      "snare_hits": 1,
      "snare_degrees": 11.0,
      "ride_hits": 0,
      "ride_depth_deg": null,
      "hihat_closures": 0,
      "ride_offset_s": -0.35,
      "hihat_offset_s": 0.0,
      "duration_s": 6.5,
      "block": 25
    },
    {
      "kind": "snare_both",
      "split": "development",
      "snare_hits": 1,
      "snare_degrees": 11.0,
      "ride_hits": 1,
      "ride_depth_deg": 10.5,
      "hihat_closures": 1,
      "ride_offset_s": -0.35,
      "hihat_offset_s": 0.0,
      "duration_s": 6.5,
      "block": 26
    },
    {
      "kind": "snare_ride",
      "split": "development",
      "snare_hits": 1,
      "snare_degrees": 11.0,
      "ride_hits": 1,
      "ride_depth_deg": 10.5,
      "hihat_closures": 0,
      "ride_offset_s": -0.35,
      "hihat_offset_s": 0.0,
      "duration_s": 6.5,
      "block": 27
    },
    {
      "kind": "hihat_only",
      "split": "development",
      "snare_hits": 0,
      "snare_degrees": null,
      "ride_hits": 0,
      "ride_depth_deg": null,
      "hihat_closures": 1,
      "ride_offset_s": 0.25,
      "hihat_offset_s": 0.25,
      "duration_s": 6.5,
      "block": 28
    },
    {
      "kind": "snare_only",
      "split": "development",
      "snare_hits": 1,
      "snare_degrees": 11.0,
      "ride_hits": 0,
      "ride_depth_deg": null,
      "hihat_closures": 0,
      "ride_offset_s": -0.35,
      "hihat_offset_s": 0.0,
      "duration_s": 6.5,
      "block": 29
    },
    {
      "kind": "snare_hihat",
      "split": "development",
      "snare_hits": 1,
      "snare_degrees": 11.0,
      "ride_hits": 0,
      "ride_depth_deg": null,
      "hihat_closures": 1,
      "ride_offset_s": 0.0,
      "hihat_offset_s": -0.3,
      "duration_s": 6.5,
      "block": 30
    },
    {
      "kind": "ride_only",
      "split": "development",
      "snare_hits": 0,
      "snare_degrees": null,
      "ride_hits": 1,
      "ride_depth_deg": 12.0,
      "hihat_closures": 0,
      "ride_offset_s": 0.25,
      "hihat_offset_s": 0.25,
      "duration_s": 6.5,
      "block": 31
    },
    {
      "kind": "snare_hihat",
      "split": "development",
      "snare_hits": 1,
      "snare_degrees": 11.0,
      "ride_hits": 0,
      "ride_depth_deg": null,
      "hihat_closures": 1,
      "ride_offset_s": 0.0,
      "hihat_offset_s": -0.3,
      "duration_s": 6.5,
      "block": 32
    },
    {
      "kind": "ride_hihat",
      "split": "development",
      "snare_hits": 0,
      "snare_degrees": null,
      "ride_hits": 1,
      "ride_depth_deg": 12.0,
      "hihat_closures": 1,
      "ride_offset_s": 0.0,
      "hihat_offset_s": -0.3,
      "duration_s": 6.5,
      "block": 33
    },
    {
      "kind": "snare_only",
      "split": "development",
      "snare_hits": 1,
      "snare_degrees": 11.0,
      "ride_hits": 0,
      "ride_depth_deg": null,
      "hihat_closures": 0,
      "ride_offset_s": 0.0,
      "hihat_offset_s": -0.3,
      "duration_s": 6.5,
      "block": 34
    },
    {
      "kind": "background",
      "split": "development",
      "snare_hits": 0,
      "snare_degrees": null,
      "ride_hits": 0,
      "ride_depth_deg": null,
      "hihat_closures": 0,
      "ride_offset_s": 0.0,
      "hihat_offset_s": -0.3,
      "duration_s": 6.5,
      "block": 35
    },
    {
      "kind": "snare_ride",
      "split": "development",
      "snare_hits": 1,
      "snare_degrees": 11.0,
      "ride_hits": 1,
      "ride_depth_deg": 11.0,
      "hihat_closures": 0,
      "ride_offset_s": 0.0,
      "hihat_offset_s": -0.3,
      "duration_s": 6.5,
      "block": 36
    },
    {
      "kind": "snare_both",
      "split": "development",
      "snare_hits": 1,
      "snare_degrees": 11.0,
      "ride_hits": 1,
      "ride_depth_deg": 12.0,
      "hihat_closures": 1,
      "ride_offset_s": 0.0,
      "hihat_offset_s": -0.3,
      "duration_s": 6.5,
      "block": 37
    },
    {
      "kind": "snare_only",
      "split": "development",
      "snare_hits": 2,
      "snare_degrees": 11.0,
      "ride_hits": 0,
      "ride_depth_deg": null,
      "hihat_closures": 0,
      "ride_offset_s": 0.25,
      "hihat_offset_s": 0.25,
      "duration_s": 7.5,
      "block": 38
    },
    {
      "kind": "snare_hihat",
      "split": "development",
      "snare_hits": 1,
      "snare_degrees": 11.0,
      "ride_hits": 0,
      "ride_depth_deg": null,
      "hihat_closures": 1,
      "ride_offset_s": -0.35,
      "hihat_offset_s": 0.0,
      "duration_s": 6.5,
      "block": 39
    },
    {
      "kind": "hihat_only",
      "split": "development",
      "snare_hits": 0,
      "snare_degrees": null,
      "ride_hits": 0,
      "ride_depth_deg": null,
      "hihat_closures": 1,
      "ride_offset_s": 0.25,
      "hihat_offset_s": 0.25,
      "duration_s": 6.5,
      "block": 40
    },
    {
      "kind": "ride_only",
      "split": "development",
      "snare_hits": 0,
      "snare_degrees": null,
      "ride_hits": 1,
      "ride_depth_deg": 10.0,
      "hihat_closures": 0,
      "ride_offset_s": -0.35,
      "hihat_offset_s": 0.0,
      "duration_s": 6.5,
      "block": 41
    },
    {
      "kind": "snare_only",
      "split": "development",
      "snare_hits": 2,
      "snare_degrees": 11.0,
      "ride_hits": 0,
      "ride_depth_deg": null,
      "hihat_closures": 0,
      "ride_offset_s": -0.35,
      "hihat_offset_s": 0.0,
      "duration_s": 7.5,
      "block": 42
    },
    {
      "kind": "snare_only",
      "split": "development",
      "snare_hits": 1,
      "snare_degrees": 11.0,
      "ride_hits": 0,
      "ride_depth_deg": null,
      "hihat_closures": 0,
      "ride_offset_s": 0.25,
      "hihat_offset_s": 0.25,
      "duration_s": 6.5,
      "block": 43
    },
    {
      "kind": "snare_only",
      "split": "development",
      "snare_hits": 1,
      "snare_degrees": 11.0,
      "ride_hits": 0,
      "ride_depth_deg": null,
      "hihat_closures": 0,
      "ride_offset_s": 0.25,
      "hihat_offset_s": 0.25,
      "duration_s": 6.5,
      "block": 44
    },
    {
      "kind": "snare_only",
      "split": "development",
      "snare_hits": 1,
      "snare_degrees": 11.0,
      "ride_hits": 0,
      "ride_depth_deg": null,
      "hihat_closures": 0,
      "ride_offset_s": -0.35,
      "hihat_offset_s": 0.0,
      "duration_s": 6.5,
      "block": 45
    },
    {
      "kind": "snare_only",
      "split": "development",
      "snare_hits": 1,
      "snare_degrees": 11.0,
      "ride_hits": 0,
      "ride_depth_deg": null,
      "hihat_closures": 0,
      "ride_offset_s": 0.25,
      "hihat_offset_s": 0.25,
      "duration_s": 6.5,
      "block": 46
    },
    {
      "kind": "hihat_only",
      "split": "development",
      "snare_hits": 0,
      "snare_degrees": null,
      "ride_hits": 0,
      "ride_depth_deg": null,
      "hihat_closures": 1,
      "ride_offset_s": 0.0,
      "hihat_offset_s": -0.3,
      "duration_s": 6.5,
      "block": 47
    },
    {
      "kind": "snare_only",
      "split": "development",
      "snare_hits": 2,
      "snare_degrees": 11.0,
      "ride_hits": 0,
      "ride_depth_deg": null,
      "hihat_closures": 0,
      "ride_offset_s": 0.0,
      "hihat_offset_s": -0.3,
      "duration_s": 7.5,
      "block": 48
    },
    {
      "kind": "snare_ride",
      "split": "test",
      "snare_hits": 1,
      "snare_degrees": 11.0,
      "ride_hits": 1,
      "ride_depth_deg": 10.0,
      "hihat_closures": 0,
      "ride_offset_s": -0.35,
      "hihat_offset_s": 0.0,
      "duration_s": 6.5,
      "block": 49
    },
    {
      "kind": "snare_both",
      "split": "test",
      "snare_hits": 1,
      "snare_degrees": 11.0,
      "ride_hits": 1,
      "ride_depth_deg": 11.5,
      "hihat_closures": 1,
      "ride_offset_s": -0.35,
      "hihat_offset_s": 0.0,
      "duration_s": 6.5,
      "block": 50
    },
    {
      "kind": "snare_only",
      "split": "test",
      "snare_hits": 1,
      "snare_degrees": 11.0,
      "ride_hits": 0,
      "ride_depth_deg": null,
      "hihat_closures": 0,
      "ride_offset_s": -0.35,
      "hihat_offset_s": 0.0,
      "duration_s": 6.5,
      "block": 51
    },
    {
      "kind": "snare_ride",
      "split": "test",
      "snare_hits": 1,
      "snare_degrees": 11.0,
      "ride_hits": 1,
      "ride_depth_deg": 10.5,
      "hihat_closures": 0,
      "ride_offset_s": 0.0,
      "hihat_offset_s": -0.3,
      "duration_s": 6.5,
      "block": 52
    },
    {
      "kind": "snare_only",
      "split": "test",
      "snare_hits": 2,
      "snare_degrees": 11.0,
      "ride_hits": 0,
      "ride_depth_deg": null,
      "hihat_closures": 0,
      "ride_offset_s": -0.35,
      "hihat_offset_s": 0.0,
      "duration_s": 7.5,
      "block": 53
    },
    {
      "kind": "ride_hihat",
      "split": "test",
      "snare_hits": 0,
      "snare_degrees": null,
      "ride_hits": 1,
      "ride_depth_deg": 11.5,
      "hihat_closures": 1,
      "ride_offset_s": -0.35,
      "hihat_offset_s": 0.0,
      "duration_s": 6.5,
      "block": 54
    },
    {
      "kind": "snare_hihat",
      "split": "test",
      "snare_hits": 1,
      "snare_degrees": 11.0,
      "ride_hits": 0,
      "ride_depth_deg": null,
      "hihat_closures": 1,
      "ride_offset_s": -0.35,
      "hihat_offset_s": 0.0,
      "duration_s": 6.5,
      "block": 55
    },
    {
      "kind": "hihat_only",
      "split": "test",
      "snare_hits": 0,
      "snare_degrees": null,
      "ride_hits": 0,
      "ride_depth_deg": null,
      "hihat_closures": 1,
      "ride_offset_s": -0.35,
      "hihat_offset_s": 0.0,
      "duration_s": 6.5,
      "block": 56
    },
    {
      "kind": "snare_only",
      "split": "test",
      "snare_hits": 1,
      "snare_degrees": 11.0,
      "ride_hits": 0,
      "ride_depth_deg": null,
      "hihat_closures": 0,
      "ride_offset_s": 0.25,
      "hihat_offset_s": 0.25,
      "duration_s": 6.5,
      "block": 57
    },
    {
      "kind": "background",
      "split": "test",
      "snare_hits": 0,
      "snare_degrees": null,
      "ride_hits": 0,
      "ride_depth_deg": null,
      "hihat_closures": 0,
      "ride_offset_s": -0.35,
      "hihat_offset_s": 0.0,
      "duration_s": 6.5,
      "block": 58
    },
    {
      "kind": "snare_only",
      "split": "test",
      "snare_hits": 1,
      "snare_degrees": 11.0,
      "ride_hits": 0,
      "ride_depth_deg": null,
      "hihat_closures": 0,
      "ride_offset_s": 0.0,
      "hihat_offset_s": -0.3,
      "duration_s": 6.5,
      "block": 59
    },
    {
      "kind": "ride_only",
      "split": "test",
      "snare_hits": 0,
      "snare_degrees": null,
      "ride_hits": 1,
      "ride_depth_deg": 11.0,
      "hihat_closures": 0,
      "ride_offset_s": -0.35,
      "hihat_offset_s": 0.0,
      "duration_s": 6.5,
      "block": 60
    }
  ],
  "snare_degrees": 11.0,
  "hihat_degrees": 90,
  "clips": 60,
  "snare_hits": 45,
  "training": false
}
