[INFO] [launch]: All log files can be found below /home/jason/.ros/log/2026-09-14-14-05-24-155954-jason-band37-557846
[INFO] [launch]: Default logging verbosity is set to INFO
[INFO] [robot_state_publisher-1]: process started with pid [557866]
[INFO] [rviz2-2]: process started with pid [557867]
[INFO] [python3-3]: process started with pid [557868]
[robot_state_publisher-1] [INFO] [1789419924.228843252] [robot_state_publisher]: Robot initialized
[rviz2-2] [INFO] [1789419924.501737221] [rviz2]: Stereo is NOT SUPPORTED
[rviz2-2] [INFO] [1789419924.501823506] [rviz2]: OpenGl version: 4.6 (GLSL 4.6)
[rviz2-2] [INFO] [1789419924.516345756] [rviz2]: Stereo is NOT SUPPORTED
[WARNING] [launch]: user interrupted with ctrl-c (SIGINT)
[ERROR] [python3-3]: process[python3-3] failed to terminate '5' seconds after receiving 'SIGINT', escalating to 'SIGTERM'
[ERROR] [rviz2-2]: process[rviz2-2] failed to terminate '5' seconds after receiving 'SIGINT', escalating to 'SIGTERM'
[ERROR] [robot_state_publisher-1]: process[robot_state_publisher-1] failed to terminate '5' seconds after receiving 'SIGINT', escalating to 'SIGTERM'
[INFO] [python3-3]: sending signal 'SIGTERM' to process[python3-3]
[INFO] [rviz2-2]: sending signal 'SIGTERM' to process[rviz2-2]
[INFO] [robot_state_publisher-1]: sending signal 'SIGTERM' to process[robot_state_publisher-1]
[rviz2-2] [INFO] [1789419966.769885653] [rclcpp]: signal_handler(SIGINT/SIGTERM)
[robot_state_publisher-1] [INFO] [1789419966.770076929] [rclcpp]: signal_handler(SIGINT/SIGTERM)
[INFO] [robot_state_publisher-1]: process has finished cleanly [pid 557866]
[INFO] [rviz2-2]: process has finished cleanly [pid 557867]
[INFO] [python3-3]: process has finished cleanly [pid 557868]
