PINK ZONE CONFIRMED ONCE (camera frame 17); holding the fixed pink-zone reference — arming MIT hold; the strike button becomes available after fresh encoder positions stabilize
invalid command name "128822112889536tick"
    while executing
"128822112889536tick"
    ("after" script)
invalid command name "128822254761280camera_tick"
    while executing
"128822254761280camera_tick"
    ("after" script)
invalid command name "128822112455616sound_tick"
    while executing
"128822112455616sound_tick"
    ("after" script)
PASS: --hardwaretest UI accepts a fixed-anchor maximum drop goal
PASS: --hardwaretest exposes center/open/load, recording, and pink-zone controls
PASS: each click authorizes one damped fall, predictive catch and smooth return
PASS: camera and recording are restored; ST7 logs only; ESP32 remains bypassed
PASS: offline UI check opened no CAN socket and commanded no physical hardware
J7 STRIKE LOW strike 1 [pickup (extra before beat 1)]: 10.00 deg down from anchor; lowest J7 encoder: 68.86 deg; commanded: 10 deg
J7 STRIKE LOW strike 2 [beat 1]: 10.00 deg down from anchor; lowest J7 encoder: 68.86 deg; commanded: 10 deg
PASS: --test UI uses only SimulatedMotors; real CAN constructor was forbidden
PASS: camera, sound, ESP32, and all physical hardware are bypassed
PASS: simulated center, recording, 10-degree 100 BPM swing, Stop, and Relax
